Component: ARM Compiler 5.06 update 2 (build 183) Tool: armlink [4d35b7]

==============================================================================

Section Cross References

    can.o(i.CAN0_Handler) refers to can.o(i.CANIntStatus) for CANIntStatus
    can.o(i.CAN0_Handler) refers to can.o(i.CANMessageGet) for CANMessageGet
    can.o(i.CAN0_Handler) refers to can.o(i.CANMessageSet) for CANMessageSet
    can.o(i.CAN0_Handler) refers to can.o(.data) for can1_txid
    can.o(i.CAN1_Handler) refers to can.o(i.CANIntStatus) for CANIntStatus
    can.o(i.CAN1_Handler) refers to can.o(i.CANMessageGet) for CANMessageGet
    can.o(i.CAN1_Handler) refers to can.o(i.CANMessageSet) for CANMessageSet
    can.o(i.CAN1_Handler) refers to can.o(.data) for can0_txid
    can.o(i.SetReceiveAll) refers to can.o(i.CANInit) for CANInit
    can.o(i.SetReceiveAll) refers to can.o(i.CANBitTimingSet) for CANBitTimingSet
    can.o(i.SetReceiveAll) refers to can.o(i.CANEnable) for CANEnable
    can.o(i.SetReceiveAll) refers to can.o(i.CANMessageSet) for CANMessageSet
    can.o(i.SetReceiveAll) refers to can.o(i.CANIntRegister) for CANIntRegister
    can.o(i.SetReceiveAll) refers to can.o(i.CANIntEnable) for CANIntEnable
    can.o(i.SetReceiveAll) refers to can.o(.data) for CANBitClk
    can.o(i.can_Init) refers to interrupt.o(i.IntMasterEnable) for IntMasterEnable
    can.o(i.can_Init) refers to can.o(i.SetReceiveAll) for SetReceiveAll
    can.o(i.can_Init) refers to can.o(i.CAN0_Handler) for CAN0_Handler
    can.o(i.can_Init) refers to can.o(i.CAN1_Handler) for CAN1_Handler
    main.o(i.UART2_Handler) refers to uart.o(i.UARTIntStatus) for UARTIntStatus
    main.o(i.UART2_Handler) refers to uart.o(i.UARTIntClear) for UARTIntClear
    main.o(i.UART2_Handler) refers to uart.o(i.UARTCharGetNonBlocking) for UARTCharGetNonBlocking
    main.o(i.UART2_Handler) refers to uart.o(i.UARTCharPutNonBlocking) for UARTCharPutNonBlocking
    main.o(i.UART2_Handler) refers to uart.o(i.UARTCharsAvail) for UARTCharsAvail
    main.o(i.UART2_Handler) refers to main.o(.data) for receiving_packet
    main.o(i.UART2_Handler) refers to main.o(.bss) for input_buffer
    main.o(i._Z11NMI_Handlerv) refers to gpio.o(i.GPIOPinWrite) for GPIOPinWrite
    main.o(i._Z12PulseHandlerv) refers to gpio.o(i.GPIOIntStatus) for GPIOIntStatus
    main.o(i._Z12PulseHandlerv) refers to gpio.o(i.GPIOIntClear) for GPIOIntClear
    main.o(i._Z12PulseHandlerv) refers to cxa_guard_acquire.o(i.__cxa_guard_acquire) for __cxa_guard_acquire
    main.o(i._Z12PulseHandlerv) refers to gpio.o(i.GPIOPinRead) for GPIOPinRead
    main.o(i._Z12PulseHandlerv) refers to main.o(.data) for _ZGVlastval
    main.o(i._Z12RCpulse_Initv) refers to gpio.o(i.GPIOPinTypeGPIOInput) for GPIOPinTypeGPIOInput
    main.o(i._Z12RCpulse_Initv) refers to gpio.o(i.GPIOIntTypeSet) for GPIOIntTypeSet
    main.o(i._Z12RCpulse_Initv) refers to gpio.o(i.GPIOIntRegister) for GPIOIntRegister
    main.o(i._Z12RCpulse_Initv) refers to gpio.o(i.GPIOIntEnable) for GPIOIntEnable
    main.o(i._Z12RCpulse_Initv) refers to main.o(i._Z12PulseHandlerv) for PulseHandler()
    main.o(i._Z12braking_Initv) refers to gpio.o(i.GPIOPinTypePWM) for GPIOPinTypePWM
    main.o(i._Z12braking_Initv) refers to gpio.o(i.GPIOPinConfigure) for GPIOPinConfigure
    main.o(i._Z12buttons_Initv) refers to gpio.o(i.GPIOPinTypeGPIOInput) for GPIOPinTypeGPIOInput
    main.o(i._Z12buttons_Initv) refers to gpio.o(i.GPIOPadConfigSet) for GPIOPadConfigSet
    main.o(i._Z12buttons_Initv) refers to gpio.o(i.GPIOIntRegister) for GPIOIntRegister
    main.o(i._Z12buttons_Initv) refers to gpio.o(i.GPIOIntTypeSet) for GPIOIntTypeSet
    main.o(i._Z12buttons_Initv) refers to gpio.o(i.GPIOIntEnable) for GPIOIntEnable
    main.o(i._Z12buttons_Initv) refers to main.o(i.button_int) for button_int
    main.o(i._Z12packet_parsev) refers to main.o(.data) for serial_app
    main.o(i._Z12packet_parsev) refers to main.o(.bss) for input_buffer
    main.o(i._Z13steering_Initv) refers to gpio.o(i.GPIOPinTypePWM) for GPIOPinTypePWM
    main.o(i._Z13steering_Initv) refers to gpio.o(i.GPIOPinConfigure) for GPIOPinConfigure
    main.o(i._Z13watchdogSetupv) refers to watchdog.o(i.WatchdogStallEnable) for WatchdogStallEnable
    main.o(i._Z13watchdogSetupv) refers to watchdog.o(i.WatchdogReloadSet) for WatchdogReloadSet
    main.o(i._Z13watchdogSetupv) refers to watchdog.o(i.WatchdogResetDisable) for WatchdogResetDisable
    main.o(i._Z13watchdogSetupv) refers to watchdog.o(i.WatchdogIntTypeSet) for WatchdogIntTypeSet
    main.o(i._Z13watchdogSetupv) refers to watchdog.o(i.WatchdogIntEnable) for WatchdogIntEnable
    main.o(i._Z13watchdogSetupv) refers to watchdog.o(i.WatchdogEnable) for WatchdogEnable
    main.o(i._Z14UpdateSteeringf) refers to main.o(i._ZN8steering13SetNormalizedEf) for steering::SetNormalized(float)
    main.o(i._Z15modeSelectSetupv) refers to gpio.o(i.GPIOPinTypeGPIOInput) for GPIOPinTypeGPIOInput
[...]
    Removing pwm.o(i.PWMOutputFault), (16 bytes).
    Removing pwm.o(i.PWMOutputFaultLevel), (16 bytes).
    Removing pwm.o(i.PWMOutputUpdateMode), (62 bytes).
    Removing pwm.o(i.PWMPulseWidthGet), (32 bytes).
    Removing pwm.o(i.PWMSyncTimeBase), (4 bytes).
    Removing pwm.o(i.PWMSyncUpdate), (4 bytes).
    Removing pwm.o(i._PWMGenIntNumberGet), (224 bytes).
    Removing sysctl.o(.emb_text), (6 bytes).
    Removing sysctl.o(i.SysCtlAltClkConfig), (12 bytes).
    Removing sysctl.o(i.SysCtlClockOutConfig), (20 bytes).
    Removing sysctl.o(i.SysCtlClockSet), (288 bytes).
    Removing sysctl.o(i.SysCtlDeepSleep), (32 bytes).
    Removing sysctl.o(i.SysCtlDeepSleepClockConfigSet), (112 bytes).
    Removing sysctl.o(i.SysCtlDeepSleepClockSet), (12 bytes).
    Removing sysctl.o(i.SysCtlDeepSleepPowerSet), (12 bytes).
    Removing sysctl.o(i.SysCtlFlashSectorSizeGet), (56 bytes).
    Removing sysctl.o(i.SysCtlFlashSizeGet), (56 bytes).
    Removing sysctl.o(i.SysCtlGPIOAHBDisable), (28 bytes).
    Removing sysctl.o(i.SysCtlGPIOAHBEnable), (24 bytes).
    Removing sysctl.o(i.SysCtlIntClear), (12 bytes).
    Removing sysctl.o(i.SysCtlIntDisable), (16 bytes).
    Removing sysctl.o(i.SysCtlIntEnable), (16 bytes).
    Removing sysctl.o(i.SysCtlIntRegister), (20 bytes).
    Removing sysctl.o(i.SysCtlIntStatus), (16 bytes).
    Removing sysctl.o(i.SysCtlIntUnregister), (18 bytes).
    Removing sysctl.o(i.SysCtlLDODeepSleepGet), (12 bytes).
    Removing sysctl.o(i.SysCtlLDODeepSleepSet), (12 bytes).
    Removing sysctl.o(i.SysCtlLDOSleepGet), (12 bytes).
    Removing sysctl.o(i.SysCtlLDOSleepSet), (12 bytes).
    Removing sysctl.o(i.SysCtlMOSCConfigSet), (12 bytes).
    Removing sysctl.o(i.SysCtlNMIClear), (16 bytes).
    Removing sysctl.o(i.SysCtlNMIStatus), (12 bytes).
    Removing sysctl.o(i.SysCtlPIOSCCalibrate), (76 bytes).
    Removing sysctl.o(i.SysCtlPWMClockGet), (24 bytes).
    Removing sysctl.o(i.SysCtlPWMClockSet), (20 bytes).
    Removing sysctl.o(i.SysCtlPeripheralClockGating), (68 bytes).
    Removing sysctl.o(i.SysCtlPeripheralDeepSleepDisable), (40 bytes).
    Removing sysctl.o(i.SysCtlPeripheralDeepSleepEnable), (40 bytes).
    Removing sysctl.o(i.SysCtlPeripheralDisable), (40 bytes).
    Removing sysctl.o(i.SysCtlPeripheralPowerOff), (40 bytes).
    Removing sysctl.o(i.SysCtlPeripheralPowerOn), (40 bytes).
    Removing sysctl.o(i.SysCtlPeripheralPresent), (44 bytes).
    Removing sysctl.o(i.SysCtlPeripheralReady), (44 bytes).
    Removing sysctl.o(i.SysCtlPeripheralReset), (60 bytes).
    Removing sysctl.o(i.SysCtlPeripheralSleepDisable), (40 bytes).
    Removing sysctl.o(i.SysCtlPeripheralSleepEnable), (40 bytes).
    Removing sysctl.o(i.SysCtlReset), (16 bytes).
    Removing sysctl.o(i.SysCtlResetBehaviorGet), (12 bytes).
    Removing sysctl.o(i.SysCtlResetBehaviorSet), (12 bytes).
    Removing sysctl.o(i.SysCtlResetCauseClear), (16 bytes).
    Removing sysctl.o(i.SysCtlResetCauseGet), (12 bytes).
    Removing sysctl.o(i.SysCtlSRAMSizeGet), (16 bytes).
    Removing sysctl.o(i.SysCtlSleep), (4 bytes).
    Removing sysctl.o(i.SysCtlSleepPowerSet), (12 bytes).
    Removing sysctl.o(i.SysCtlUSBPLLDisable), (16 bytes).
    Removing sysctl.o(i.SysCtlUSBPLLEnable), (16 bytes).
    Removing sysctl.o(i.SysCtlVoltageEventClear), (16 bytes).
    Removing sysctl.o(i.SysCtlVoltageEventConfig), (12 bytes).
    Removing sysctl.o(i.SysCtlVoltageEventStatus), (12 bytes).
    Removing timer.o(i.TimerADCEventGet), (4 bytes).
    Removing timer.o(i.TimerADCEventSet), (4 bytes).
    Removing timer.o(i.TimerClockSourceGet), (6 bytes).
    Removing timer.o(i.TimerClockSourceSet), (6 bytes).
    Removing timer.o(i.TimerControlEvent), (18 bytes).
    Removing timer.o(i.TimerControlLevel), (22 bytes).
    Removing timer.o(i.TimerControlTrigger), (80 bytes).
    Removing timer.o(i.TimerControlWaitOnTrigger), (48 bytes).
    Removing timer.o(i.TimerDMAEventGet), (4 bytes).
    Removing timer.o(i.TimerDMAEventSet), (4 bytes).
    Removing timer.o(i.TimerDisable), (16 bytes).
    Removing timer.o(i.TimerIntClear), (4 bytes).
    Removing timer.o(i.TimerIntDisable), (10 bytes).
    Removing timer.o(i.TimerIntEnable), (8 bytes).
    Removing timer.o(i.TimerIntRegister), (104 bytes).
    Removing timer.o(i.TimerIntStatus), (10 bytes).
    Removing timer.o(i.TimerIntUnregister), (104 bytes).
    Removing timer.o(i.TimerLoadGet), (10 bytes).
    Removing timer.o(i.TimerLoadGet64), (14 bytes).
    Removing timer.o(i.TimerLoadSet64), (6 bytes).
    Removing timer.o(i.TimerMatchGet), (10 bytes).
    Removing timer.o(i.TimerMatchGet64), (14 bytes).
    Removing timer.o(i.TimerMatchSet), (18 bytes).
    Removing timer.o(i.TimerMatchSet64), (6 bytes).
    Removing timer.o(i.TimerPrescaleGet), (10 bytes).
    Removing timer.o(i.TimerPrescaleMatchGet), (10 bytes).
    Removing timer.o(i.TimerPrescaleMatchSet), (18 bytes).
    Removing timer.o(i.TimerPrescaleSet), (18 bytes).
    Removing timer.o(i.TimerRTCDisable), (10 bytes).
    Removing timer.o(i.TimerRTCEnable), (10 bytes).
    Removing timer.o(i.TimerSynchronize), (4 bytes).
    Removing timer.o(i.TimerUpdateMode), (42 bytes).
    Removing timer.o(i.TimerValueGet), (10 bytes).
    Removing timer.o(i.TimerValueGet64), (14 bytes).
    Removing timer.o(.constdata), (160 bytes).
    Removing uart.o(i.UART9BitAddrSend), (38 bytes).
    Removing uart.o(i.UART9BitAddrSet), (10 bytes).
    Removing uart.o(i.UART9BitDisable), (14 bytes).
    Removing uart.o(i.UART9BitEnable), (14 bytes).
    Removing uart.o(i.UARTBreakCtl), (18 bytes).
    Removing uart.o(i.UARTBusy), (8 bytes).
    Removing uart.o(i.UARTCharGet), (12 bytes).
    Removing uart.o(i.UARTCharPut), (12 bytes).
    Removing uart.o(i.UARTClockSourceGet), (6 bytes).
    Removing uart.o(i.UARTClockSourceSet), (6 bytes).
    Removing uart.o(i.UARTConfigGetExpClk), (46 bytes).
    Removing uart.o(i.UARTDMADisable), (10 bytes).
    Removing uart.o(i.UARTDMAEnable), (8 bytes).
    Removing uart.o(i.UARTDisable), (30 bytes).
    Removing uart.o(i.UARTDisableSIR), (10 bytes).
    Removing uart.o(i.UARTEnable), (20 bytes).
    Removing uart.o(i.UARTEnableSIR), (18 bytes).
    Removing uart.o(i.UARTFIFODisable), (10 bytes).
    Removing uart.o(i.UARTFIFOLevelGet), (16 bytes).
    Removing uart.o(i.UARTFlowControlGet), (8 bytes).
    Removing uart.o(i.UARTFlowControlSet), (12 bytes).
    Removing uart.o(i.UARTIntDisable), (10 bytes).
    Removing uart.o(i.UARTIntRegister), (88 bytes).
    Removing uart.o(i.UARTIntUnregister), (88 bytes).
    Removing uart.o(i.UARTLoopbackEnable), (10 bytes).
    Removing uart.o(i.UARTModemControlClear), (14 bytes).
    Removing uart.o(i.UARTModemControlGet), (8 bytes).
    Removing uart.o(i.UARTModemControlSet), (12 bytes).
    Removing uart.o(i.UARTModemStatusGet), (10 bytes).
    Removing uart.o(i.UARTParityModeGet), (8 bytes).
    Removing uart.o(i.UARTParityModeSet), (12 bytes).
    Removing uart.o(i.UARTRxErrorClear), (6 bytes).
    Removing uart.o(i.UARTRxErrorGet), (8 bytes).
    Removing uart.o(i.UARTSmartCardDisable), (10 bytes).
    Removing uart.o(i.UARTSmartCardEnable), (22 bytes).
    Removing uart.o(i.UARTSpaceAvail), (10 bytes).
    Removing uart.o(i.UARTTxIntModeGet), (8 bytes).
    Removing uart.o(i.UARTTxIntModeSet), (12 bytes).
    Removing uart.o(.constdata), (128 bytes).
    Removing watchdog.o(i.WatchdogIntClear), (6 bytes).
    Removing watchdog.o(i.WatchdogIntRegister), (18 bytes).
    Removing watchdog.o(i.WatchdogIntStatus), (10 bytes).
    Removing watchdog.o(i.WatchdogIntUnregister), (18 bytes).
    Removing watchdog.o(i.WatchdogLock), (8 bytes).
    Removing watchdog.o(i.WatchdogLockState), (12 bytes).
    Removing watchdog.o(i.WatchdogReloadGet), (4 bytes).
    Removing watchdog.o(i.WatchdogResetEnable), (10 bytes).
    Removing watchdog.o(i.WatchdogRunning), (8 bytes).
    Removing watchdog.o(i.WatchdogStallDisable), (14 bytes).
    Removing watchdog.o(i.WatchdogUnlock), (12 bytes).
    Removing watchdog.o(i.WatchdogValueGet), (4 bytes).

331 unused section(s) (total 8160 bytes) removed from the image.

==============================================================================

Image Symbol Table

    Local Symbols

    Symbol Name                              Value     Ov Type        Size  Object(Section)

    RESET                                    0x00000000   Section      512  startup_tm4c129.o(RESET)
    ../../../edgfe/lib_src/guard.c           0x00000000   Number         0  cxa_guard_release.o ABSOLUTE
    ../../../edgfe/lib_src/guard.c           0x00000000   Number         0  cxa_guard_acquire.o ABSOLUTE
    ../clib/angel/boardlib.s                 0x00000000   Number         0  boardinit2.o ABSOLUTE
    ../clib/angel/boardlib.s                 0x00000000   Number         0  boardinit3.o ABSOLUTE
    ../clib/angel/boardlib.s                 0x00000000   Number         0  boardshut.o ABSOLUTE
    ../clib/angel/boardlib.s                 0x00000000   Number         0  boardinit1.o ABSOLUTE
    ../clib/angel/dczerorl.s                 0x00000000   Number         0  __dczerorl.o ABSOLUTE
    ../clib/angel/handlers.s                 0x00000000   Number         0  __scatter_zi.o ABSOLUTE
    ../clib/angel/kernel.s                   0x00000000   Number         0  rtexit.o ABSOLUTE
    ../clib/angel/kernel.s                   0x00000000   Number         0  rtexit2.o ABSOLUTE
    ../clib/angel/kernel.s                   0x00000000   Number         0  __rtentry.o ABSOLUTE
    ../clib/angel/kernel.s                   0x00000000   Number         0  __rtentry2.o ABSOLUTE
    ../clib/angel/kernel.s                   0x00000000   Number         0  __rtentry4.o ABSOLUTE
    ../clib/angel/rt.s                       0x00000000   Number         0  rt_raise.o ABSOLUTE
    ../clib/angel/scatter.s                  0x00000000   Number         0  __scatter.o ABSOLUTE
    ../clib/angel/startup.s                  0x00000000   Number         0  __main.o ABSOLUTE
    ../clib/angel/sys.s                      0x00000000   Number         0  use_no_semi.o ABSOLUTE
    ../clib/angel/sys.s                      0x00000000   Number         0  libspace.o ABSOLUTE
    ../clib/angel/sys.s                      0x00000000   Number         0  sys_stackheap_outer.o ABSOLUTE
    ../clib/angel/sys.s                      0x00000000   Number         0  indicate_semi.o ABSOLUTE
    ../clib/angel/sysapp.c                   0x00000000   Number         0  sys_command.o ABSOLUTE
    ../clib/angel/sysapp.c                   0x00000000   Number         0  sys_exit.o ABSOLUTE
    ../clib/angel/sysapp.c                   0x00000000   Number         0  sys_wrch.o ABSOLUTE
    ../clib/armsys.c                         0x00000000   Number         0  no_argv.o ABSOLUTE
    ../clib/armsys.c                         0x00000000   Number         0  argv_veneer.o ABSOLUTE
    ../clib/armsys.c                         0x00000000   Number         0  argv_veneer.o ABSOLUTE
    ../clib/armsys.c                         0x00000000   Number         0  _get_argv_nomalloc.o ABSOLUTE
    ../clib/heapalloc.c                      0x00000000   Number         0  hrguard.o ABSOLUTE
    ../clib/heapaux.c                        0x00000000   Number         0  heapauxi.o ABSOLUTE
    ../clib/libinit.s                        0x00000000   Number         0  libshutdown2.o ABSOLUTE
    ../clib/libinit.s                        0x00000000   Number         0  libshutdown.o ABSOLUTE
    ../clib/libinit.s                        0x00000000   Number         0  libinit2.o ABSOLUTE
    ../clib/libinit.s                        0x00000000   Number         0  libinit.o ABSOLUTE
    ../clib/signal.c                         0x00000000   Number         0  defsig_abrt_inner.o ABSOLUTE
    ../clib/signal.c                         0x00000000   Number         0  defsig_general.o ABSOLUTE
    ../clib/signal.c                         0x00000000   Number         0  __raise.o ABSOLUTE
    ../clib/signal.c                         0x00000000   Number         0  defsig_rtmem_inner.o ABSOLUTE
    ../clib/signal.c                         0x00000000   Number         0  defsig_other.o ABSOLUTE
    ../clib/signal.c                         0x00000000   Number         0  defsig_segv_inner.o ABSOLUTE
    ../clib/signal.c                         0x00000000   Number         0  defsig_cppl_inner.o ABSOLUTE
    ../clib/signal.c                         0x00000000   Number         0  defsig_rtmem_formal.o ABSOLUTE
    ../clib/signal.c                         0x00000000   Number         0  defsig_pvfn_inner.o ABSOLUTE
    ../clib/signal.c                         0x00000000   Number         0  defsig_stak_inner.o ABSOLUTE
    ../clib/signal.c                         0x00000000   Number         0  defsig_rtred_inner.o ABSOLUTE
    ../clib/signal.c                         0x00000000   Number         0  defsig_fpe_inner.o ABSOLUTE
    ../clib/signal.c                         0x00000000   Number         0  defsig_exit.o ABSOLUTE
    ../clib/signal.c                         0x00000000   Number         0  defsig_rtmem_outer.o ABSOLUTE
    ../clib/signal.s                         0x00000000   Number         0  defsig.o ABSOLUTE
    ../clib/stdlib.c                         0x00000000   Number         0  exit.o ABSOLUTE
    ../fplib/fpinit.s                        0x00000000   Number         0  fpinit.o ABSOLUTE
    RTE\Device\TM4C1294NCPDT\startup_TM4C129.s 0x00000000   Number         0  startup_tm4c129.o ABSOLUTE
    RTE\Device\TM4C1294NCPDT\system_TM4C129.c 0x00000000   Number         0  system_tm4c129.o ABSOLUTE
    RTE\\Device\\TM4C1294NCPDT\\system_TM4C129.c 0x00000000   Number         0  system_tm4c129.o ABSOLUTE
    can.c                                    0x00000000   Number         0  can.o ABSOLUTE
    can.c                                    0x00000000   Number         0  can.o ABSOLUTE
    can.c                                    0x00000000   Number         0  can.o ABSOLUTE
    cpu.c                                    0x00000000   Number         0  cpu.o ABSOLUTE
    cpu.c                                    0x00000000   Number         0  cpu.o ABSOLUTE
    dc.s                                     0x00000000   Number         0  dc.o ABSOLUTE
    fpu.c                                    0x00000000   Number         0  fpu.o ABSOLUTE
    gpio.c                                   0x00000000   Number         0  gpio.o ABSOLUTE
    i2c.c                                    0x00000000   Number         0  i2c.o ABSOLUTE
    interrupt.c                              0x00000000   Number         0  interrupt.o ABSOLUTE
    main.cpp                                 0x00000000   Number         0  main.o ABSOLUTE
    main.cpp                                 0x00000000   Number         0  main.o ABSOLUTE
    pwm.c                                    0x00000000   Number         0  pwm.o ABSOLUTE
    sysctl.c                                 0x00000000   Number         0  sysctl.o ABSOLUTE
    sysctl.c                                 0x00000000   Number         0  sysctl.o ABSOLUTE
    timer.c                                  0x00000000   Number         0  timer.o ABSOLUTE
    uart.c                                   0x00000000   Number         0  uart.o ABSOLUTE
    watchdog.c                               0x00000000   Number         0  watchdog.o ABSOLUTE
    !!!main                                  0x00000200   Section        8  __main.o(!!!main)
    !!!scatter                               0x00000208   Section       52  __scatter.o(!!!scatter)
    !!dczerorl                               0x0000023c   Section       58  __dczerorl.o(!!dczerorl)
    !!handler_zi                             0x00000278   Section       28  __scatter_zi.o(!!handler_zi)
    .ARM.Collect$$libinit$$00000000          0x00000294   Section        2  libinit.o(.ARM.Collect$$libinit$$00000000)
    .ARM.Collect$$libinit$$00000001          0x00000296   Section        4  libinit2.o(.ARM.Collect$$libinit$$00000001)
    .ARM.Collect$$libinit$$00000004          0x0000029a   Section        0  libinit2.o(.ARM.Collect$$libinit$$00000004)
    .ARM.Collect$$libinit$$0000000A          0x0000029a   Section        0  libinit2.o(.ARM.Collect$$libinit$$0000000A)
    .ARM.Collect$$libinit$$0000000C          0x0000029a   Section        0  libinit2.o(.ARM.Collect$$libinit$$0000000C)
    .ARM.Collect$$libinit$$0000000E          0x0000029a   Section        0  libinit2.o(.ARM.Collect$$libinit$$0000000E)
    .ARM.Collect$$libinit$$00000011          0x0000029a   Section        0  libinit2.o(.ARM.Collect$$libinit$$00000011)
    .ARM.Collect$$libinit$$00000013          0x0000029a   Section        0  libinit2.o(.ARM.Collect$$libinit$$00000013)
    .ARM.Collect$$libinit$$00000015          0x0000029a   Section        0  libinit2.o(.ARM.Collect$$libinit$$00000015)
    .ARM.Collect$$libinit$$00000017          0x0000029a   Section        0  libinit2.o(.ARM.Collect$$libinit$$00000017)
    .ARM.Collect$$libinit$$00000019          0x0000029a   Section        0  libinit2.o(.ARM.Collect$$libinit$$00000019)
    .ARM.Collect$$libinit$$0000001B          0x0000029a   Section        0  libinit2.o(.ARM.Collect$$libinit$$0000001B)
    .ARM.Collect$$libinit$$0000001D          0x0000029a   Section        0  libinit2.o(.ARM.Collect$$libinit$$0000001D)
    .ARM.Collect$$libinit$$0000001F          0x0000029a   Section        0  libinit2.o(.ARM.Collect$$libinit$$0000001F)
    .ARM.Collect$$libinit$$00000021          0x0000029a   Section        0  libinit2.o(.ARM.Collect$$libinit$$00000021)
    .ARM.Collect$$libinit$$00000023          0x0000029a   Section        0  libinit2.o(.ARM.Collect$$libinit$$00000023)
    .ARM.Collect$$libinit$$00000025          0x0000029a   Section        0  libinit2.o(.ARM.Collect$$libinit$$00000025)
    .ARM.Collect$$libinit$$0000002C          0x0000029a   Section        0  libinit2.o(.ARM.Collect$$libinit$$0000002C)
    .ARM.Collect$$libinit$$0000002E          0x0000029a   Section        0  libinit2.o(.ARM.Collect$$libinit$$0000002E)
    .ARM.Collect$$libinit$$00000030          0x0000029a   Section        0  libinit2.o(.ARM.Collect$$libinit$$00000030)
    .ARM.Collect$$libinit$$00000032          0x0000029a   Section        0  libinit2.o(.ARM.Collect$$libinit$$00000032)
    .ARM.Collect$$libinit$$00000033          0x0000029a   Section        2  libinit2.o(.ARM.Collect$$libinit$$00000033)
    .ARM.Collect$$libshutdown$$00000000      0x0000029c   Section        2  libshutdown.o(.ARM.Collect$$libshutdown$$00000000)
    .ARM.Collect$$libshutdown$$00000002      0x0000029e   Section        0  libshutdown2.o(.ARM.Collect$$libshutdown$$00000002)
    .ARM.Collect$$libshutdown$$00000004      0x0000029e   Section        0  libshutdown2.o(.ARM.Collect$$libshutdown$$00000004)
    .ARM.Collect$$libshutdown$$00000007      0x0000029e   Section        0  libshutdown2.o(.ARM.Collect$$libshutdown$$00000007)
    .ARM.Collect$$libshutdown$$0000000A      0x0000029e   Section        0  libshutdown2.o(.ARM.Collect$$libshutdown$$0000000A)
    .ARM.Collect$$libshutdown$$0000000C      0x0000029e   Section        0  libshutdown2.o(.ARM.Collect$$libshutdown$$0000000C)
    .ARM.Collect$$libshutdown$$0000000F      0x0000029e   Section        0  libshutdown2.o(.ARM.Collect$$libshutdown$$0000000F)
    .ARM.Collect$$libshutdown$$00000010      0x0000029e   Section        2  libshutdown2.o(.ARM.Collect$$libshutdown$$00000010)
    .ARM.Collect$$rtentry$$00000000          0x000002a0   Section        0  __rtentry.o(.ARM.Collect$$rtentry$$00000000)
    .ARM.Collect$$rtentry$$00000002          0x000002a0   Section        0  __rtentry2.o(.ARM.Collect$$rtentry$$00000002)
    .ARM.Collect$$rtentry$$00000004          0x000002a0   Section        6  __rtentry4.o(.ARM.Collect$$rtentry$$00000004)
    .ARM.Collect$$rtentry$$00000009          0x000002a6   Section        0  __rtentry2.o(.ARM.Collect$$rtentry$$00000009)
    .ARM.Collect$$rtentry$$0000000A          0x000002a6   Section        4  __rtentry2.o(.ARM.Collect$$rtentry$$0000000A)
    .ARM.Collect$$rtentry$$0000000C          0x000002aa   Section        0  __rtentry2.o(.ARM.Collect$$rtentry$$0000000C)
    .ARM.Collect$$rtentry$$0000000D          0x000002aa   Section        8  __rtentry2.o(.ARM.Collect$$rtentry$$0000000D)
    .ARM.Collect$$rtexit$$00000000           0x000002b2   Section        2  rtexit.o(.ARM.Collect$$rtexit$$00000000)
    .ARM.Collect$$rtexit$$00000002           0x000002b4   Section        0  rtexit2.o(.ARM.Collect$$rtexit$$00000002)
    .ARM.Collect$$rtexit$$00000003           0x000002b4   Section        4  rtexit2.o(.ARM.Collect$$rtexit$$00000003)
    .ARM.Collect$$rtexit$$00000004           0x000002b8   Section        6  rtexit2.o(.ARM.Collect$$rtexit$$00000004)
    .emb_text                                0x000002c0   Section       38  cpu.o(.emb_text)
    $v0                                      0x000002c0   Number         0  cpu.o(.emb_text)
    .text                                    0x000002e8   Section      300  startup_tm4c129.o(.text)
    $v0                                      0x000002e8   Number         0  startup_tm4c129.o(.text)
    .text                                    0x00000414   Section        0  heapauxi.o(.text)
    .text                                    0x0000041a   Section       74  sys_stackheap_outer.o(.text)
    .text                                    0x00000464   Section        0  exit.o(.text)
    .text                                    0x00000478   Section        8  libspace.o(.text)
    .text                                    0x00000480   Section        0  sys_exit.o(.text)
    .text                                    0x0000048c   Section        2  use_no_semi.o(.text)
    .text                                    0x0000048e   Section        0  indicate_semi.o(.text)
    i.CAN0_Handler                           0x00000490   Section        0  can.o(i.CAN0_Handler)
    i.CAN1_Handler                           0x000004ec   Section        0  can.o(i.CAN1_Handler)
    i.CANBitTimingSet                        0x00000548   Section        0  can.o(i.CANBitTimingSet)
    i.CANEnable                              0x000005b2   Section        0  can.o(i.CANEnable)
    i.CANInit                                0x000005bc   Section        0  can.o(i.CANInit)
    i.CANIntEnable                           0x000005fe   Section        0  can.o(i.CANIntEnable)
    i.CANIntRegister                         0x00000608   Section        0  can.o(i.CANIntRegister)
    i.CANIntStatus                           0x00000674   Section        0  can.o(i.CANIntStatus)
    i.CANMessageGet                          0x00000694   Section        0  can.o(i.CANMessageGet)
    i.CANMessageSet                          0x0000080e   Section        0  can.o(i.CANMessageSet)
    i.FPUEnable                              0x00000974   Section        0  fpu.o(i.FPUEnable)
    i.GPIODirModeSet                         0x00000984   Section        0  gpio.o(i.GPIODirModeSet)
    i.GPIOIntClear                           0x000009ac   Section        0  gpio.o(i.GPIOIntClear)
    i.GPIOIntEnable                          0x000009b2   Section        0  gpio.o(i.GPIOIntEnable)
    i.GPIOIntRegister                        0x000009c0   Section        0  gpio.o(i.GPIOIntRegister)
    i.GPIOIntStatus                          0x00000a18   Section        0  gpio.o(i.GPIOIntStatus)
    i.GPIOIntTypeSet                         0x00000a26   Section        0  gpio.o(i.GPIOIntTypeSet)
    i.GPIOPadConfigSet                       0x00000a76   Section        0  gpio.o(i.GPIOPadConfigSet)
    i.GPIOPinConfigure                       0x00000bb0   Section        0  gpio.o(i.GPIOPinConfigure)
    i.GPIOPinRead                            0x00000bf4   Section        0  gpio.o(i.GPIOPinRead)
    i.GPIOPinTypeGPIOInput                   0x00000bfa   Section        0  gpio.o(i.GPIOPinTypeGPIOInput)
    i.GPIOPinTypeGPIOOutput                  0x00000c16   Section        0  gpio.o(i.GPIOPinTypeGPIOOutput)
    i.GPIOPinTypeI2C                         0x00000c32   Section        0  gpio.o(i.GPIOPinTypeI2C)
    i.GPIOPinTypeI2CSCL                      0x00000c4e   Section        0  gpio.o(i.GPIOPinTypeI2CSCL)
    i.GPIOPinTypePWM                         0x00000c6a   Section        0  gpio.o(i.GPIOPinTypePWM)
    i.GPIOPinTypeUART                        0x00000c86   Section        0  gpio.o(i.GPIOPinTypeUART)
    i.GPIOPinWrite                           0x00000ca2   Section        0  gpio.o(i.GPIOPinWrite)
    i.I2CMasterBusy                          0x00000ca8   Section        0  i2c.o(i.I2CMasterBusy)
    i.I2CMasterControl                       0x00000cb4   Section        0  i2c.o(i.I2CMasterControl)
    i.I2CMasterDataPut                       0x00000cb8   Section        0  i2c.o(i.I2CMasterDataPut)
    i.I2CMasterInitExpClk                    0x00000cbc   Section        0  i2c.o(i.I2CMasterInitExpClk)
    i.I2CMasterSlaveAddrSet                  0x00000d10   Section        0  i2c.o(i.I2CMasterSlaveAddrSet)
    i.IntEnable                              0x00000d18   Section        0  interrupt.o(i.IntEnable)
    i.IntMasterDisable                       0x00000d7c   Section        0  interrupt.o(i.IntMasterDisable)
    i.IntMasterEnable                        0x00000d8a   Section        0  interrupt.o(i.IntMasterEnable)
    i.IntPrioritySet                         0x00000d98   Section        0  interrupt.o(i.IntPrioritySet)
    i.IntRegister                            0x00000dc0   Section        0  interrupt.o(i.IntRegister)
    i.PWMClockSet                            0x00000df4   Section        0  pwm.o(i.PWMClockSet)
    i.PWMGenConfigure                        0x00000e08   Section        0  pwm.o(i.PWMGenConfigure)
    i.PWMGenEnable                           0x00000e2e   Section        0  pwm.o(i.PWMGenEnable)
    i.PWMGenPeriodSet                        0x00000e38   Section        0  pwm.o(i.PWMGenPeriodSet)
    i.PWMOutputInvert                        0x00000e4a   Section        0  pwm.o(i.PWMOutputInvert)
    i.PWMOutputState                         0x00000e5a   Section        0  pwm.o(i.PWMOutputState)
    i.PWMPulseWidthSet                       0x00000e6a   Section        0  pwm.o(i.PWMPulseWidthSet)
    i.SetReceiveAll                          0x00000e8c   Section        0  can.o(i.SetReceiveAll)
    i.SysCtlClockFreqSet                     0x00000efc   Section        0  sysctl.o(i.SysCtlClockFreqSet)
    i.SysCtlClockGet                         0x000011c4   Section        0  sysctl.o(i.SysCtlClockGet)
    i.SysCtlPeripheralEnable                 0x00001318   Section        0  sysctl.o(i.SysCtlPeripheralEnable)
    i.SystemInit                             0x00001340   Section        0  system_tm4c129.o(i.SystemInit)
    i.TimerConfigure                         0x00001360   Section        0  timer.o(i.TimerConfigure)
    i.TimerControlStall                      0x000013c0   Section        0  timer.o(i.TimerControlStall)
    i.TimerEnable                            0x000013d6   Section        0  timer.o(i.TimerEnable)
    i.TimerLoadSet                           0x000013e4   Section        0  timer.o(i.TimerLoadSet)
    i.UART2_Handler                          0x000013f8   Section        0  main.o(i.UART2_Handler)
    i.UARTCharGetNonBlocking                 0x0000147c   Section        0  uart.o(i.UARTCharGetNonBlocking)
    i.UARTCharPutNonBlocking                 0x0000148c   Section        0  uart.o(i.UARTCharPutNonBlocking)
    i.UARTCharsAvail                         0x0000149c   Section        0  uart.o(i.UARTCharsAvail)
    i.UARTConfigSetExpClk                    0x000014a6   Section        0  uart.o(i.UARTConfigSetExpClk)
    i.UARTFIFOEnable                         0x00001514   Section        0  uart.o(i.UARTFIFOEnable)
    i.UARTFIFOLevelSet                       0x0000151e   Section        0  uart.o(i.UARTFIFOLevelSet)
    i.UARTIntClear                           0x00001524   Section        0  uart.o(i.UARTIntClear)
    i.UARTIntEnable                          0x00001528   Section        0  uart.o(i.UARTIntEnable)
    i.UARTIntStatus                          0x00001530   Section        0  uart.o(i.UARTIntStatus)
    i.WatchdogEnable                         0x0000153a   Section        0  watchdog.o(i.WatchdogEnable)
    i.WatchdogIntEnable                      0x00001544   Section        0  watchdog.o(i.WatchdogIntEnable)
    i.WatchdogIntTypeSet                     0x0000154e   Section        0  watchdog.o(i.WatchdogIntTypeSet)
    i.WatchdogReloadSet                      0x0000155a   Section        0  watchdog.o(i.WatchdogReloadSet)
    i.WatchdogResetDisable                   0x0000155e   Section        0  watchdog.o(i.WatchdogResetDisable)
    i.WatchdogStallEnable                    0x00001568   Section        0  watchdog.o(i.WatchdogStallEnable)
    i._Z12PulseHandlerv                      0x00001578   Section        0  main.o(i._Z12PulseHandlerv)
    i._Z12RCpulse_Initv                      0x00001678   Section        0  main.o(i._Z12RCpulse_Initv)
    i._Z12braking_Initv                      0x000016a8   Section        0  main.o(i._Z12braking_Initv)
    i._Z12buttons_Initv                      0x000016cc   Section        0  main.o(i._Z12buttons_Initv)
    i._Z12calculateCRCPhj                    0x00001708   Section        0  main.o(i._Z12calculateCRCPhj)
    i._Z12packet_parsev                      0x0000173c   Section        0  main.o(i._Z12packet_parsev)
    i._Z13steering_Initv                     0x0000176c   Section        0  main.o(i._Z13steering_Initv)
    i._Z13watchdogSetupv                     0x00001790   Section        0  main.o(i._Z13watchdogSetupv)
    i._Z15modeSelectSetupv                   0x000017cc   Section        0  main.o(i._Z15modeSelectSetupv)
    i._Z15peripheral_Initv                   0x00001824   Section        0  main.o(i._Z15peripheral_Initv)
    i._Z15pulseTimer_Initv                   0x000018ac   Section        0  main.o(i._Z15pulseTimer_Initv)
    i._Z17modeSelectHandlerv                 0x000018dc   Section        0  main.o(i._Z17modeSelectHandlerv)
    i._Z8UARTSendPKhj                        0x0000190c   Section        0  main.o(i._Z8UARTSendPKhj)
    i._Z8int_Initv                           0x0000192c   Section        0  main.o(i._Z8int_Initv)
    i._Z8led_Initv                           0x00001950   Section        0  main.o(i._Z8led_Initv)
    i._Z9uart_Initv                          0x00001984   Section        0  main.o(i._Z9uart_Initv)
    i._ZN11accelerator10SetVoltageEf         0x000019d8   Section        0  main.o(i._ZN11accelerator10SetVoltageEf)
    i._ZN11accelerator13SetNormalizedEf      0x00001a6c   Section        0  main.o(i._ZN11accelerator13SetNormalizedEf)
    i._ZN11accelerator4InitEv                0x00001ac8   Section        0  main.o(i._ZN11accelerator4InitEv)
    i._ZN6brakes13SetNormalizedEf            0x00001b14   Section        0  main.o(i._ZN6brakes13SetNormalizedEf)
    i._ZN6brakes4InitEv                      0x00001b74   Section        0  main.o(i._ZN6brakes4InitEv)
    i._ZN6brakes6SetPWMEff                   0x00001bc8   Section        0  main.o(i._ZN6brakes6SetPWMEff)
    i._ZN8steering13SetNormalizedEf          0x00001c9c   Section        0  main.o(i._ZN8steering13SetNormalizedEf)
    i._ZN8steering4InitEv                    0x00001cf0   Section        0  main.o(i._ZN8steering4InitEv)
    i._ZN8steering6SetPWMEf                  0x00001d30   Section        0  main.o(i._ZN8steering6SetPWMEf)
    i.__cxa_guard_acquire                    0x00001d90   Section        0  cxa_guard_acquire.o(i.__cxa_guard_acquire)
    i.button_int                             0x00001da0   Section        0  main.o(i.button_int)
    i.can_Init                               0x00001dec   Section        0  can.o(i.can_Init)
    i.main                                   0x00001ecc   Section        0  main.o(i.main)
    x$fpl$fpinit                             0x00001fa0   Section       10  fpinit.o(x$fpl$fpinit)
    $v0                                      0x00001fa0   Number         0  fpinit.o(x$fpl$fpinit)
    .constdata                               0x00001fac   Section      528  gpio.o(.constdata)
    g_ppui32GPIOIntMapBlizzard               0x00001fac   Data         192  gpio.o(.constdata)
    g_ppui32GPIOIntMapSnowflake              0x0000206c   Data         192  gpio.o(.constdata)
    g_pui32GPIOBaseAddrs                     0x0000212c   Data         144  gpio.o(.constdata)
    .constdata                               0x000021bc   Section      268  interrupt.o(.constdata)
    g_pui32Priority                          0x000021bc   Data          32  interrupt.o(.constdata)
    g_pui32Regs                              0x000021dc   Data         156  interrupt.o(.constdata)
    g_pui32EnRegs                            0x00002278   Data          20  interrupt.o(.constdata)
    g_pui32Dii16Regs                         0x0000228c   Data          20  interrupt.o(.constdata)
    g_pui32PendRegs                          0x000022a0   Data          20  interrupt.o(.constdata)
    g_pui32UnpendRegs                        0x000022b4   Data          20  interrupt.o(.constdata)
    .constdata                               0x000022c8   Section      452  sysctl.o(.constdata)
    g_pui32VCOFrequencies                    0x000022c8   Data           8  sysctl.o(.constdata)
    g_pui32Xtals                             0x000022d0   Data         108  sysctl.o(.constdata)
    g_pppui32XTALtoVCO                       0x0000233c   Data         288  sysctl.o(.constdata)
    g_sXTALtoMEMTIM                          0x0000245c   Data          48  sysctl.o(.constdata)
    .data                                    0x20000000   Section       32  can.o(.data)
    can0_txid                                0x20000008   Data           4  can.o(.data)
    can1_txid                                0x2000000c   Data           4  can.o(.data)
    CANBitClk                                0x20000010   Data          16  can.o(.data)
    .data                                    0x20000020   Section       56  main.o(.data)
    _ZGVlastval                              0x20000048   Data           4  main.o(.data)
    lastval                                  0x2000004c   Data           4  main.o(.data)
    _ZGVlastval                              0x20000050   Data           4  main.o(.data)
    lastval                                  0x20000054   Data           4  main.o(.data)
    .data                                    0x20000058   Section        4  system_tm4c129.o(.data)
    vtable                                   0x20000400   Section      620  interrupt.o(vtable)
    g_pfnRAMVectors                          0x20000400   Data         620  interrupt.o(vtable)
    .bss                                     0x2000066c   Section       16  main.o(.bss)
    .bss                                     0x2000067c   Section       96  libspace.o(.bss)
    HEAP                                     0x200006e0   Section        0  startup_tm4c129.o(HEAP)
    STACK                                    0x200006e0   Section      512  startup_tm4c129.o(STACK)
    Heap_Mem                                 0x200006e0   Data           0  startup_tm4c129.o(HEAP)
    Stack_Mem                                0x200006e0   Data         512  startup_tm4c129.o(STACK)
    __initial_sp                             0x200008e0   Data           0  startup_tm4c129.o(STACK)

    Global Symbols

    Symbol Name                              Value     Ov Type        Size  Object(Section)

    BuildAttributes$$THM_ISAv4$E$P$D$K$B$S$7EM$VFPi3$EXTD16$VFPS$VFMA$PE$A:L22UL41UL21$X:L11$S22US41US21$IEEE1$IW$USESV6$~STKCKD$USESV7$~SHL$OTIME$ROPI$EBA8$UX$STANDARDLIB$REQ8$PRES8$EABIv2 0x00000000   Number         0  anon$$obj.o ABSOLUTE
    __ARM_use_no_argv                        0x00000000   Number         0  main.o ABSOLUTE
    __Vectors                                0x00000000   Data           4  startup_tm4c129.o(RESET)
    __ARM_exceptions_init                     - Undefined Weak Reference
    __alloca_initialize                       - Undefined Weak Reference
    __arm_preinit_                            - Undefined Weak Reference
    __cpp_initialize__aeabi_                  - Undefined Weak Reference
    __cxa_finalize                            - Undefined Weak Reference
    __rt_locale                               - Undefined Weak Reference
    __sigvec_lookup                           - Undefined Weak Reference
    _atexit_init                              - Undefined Weak Reference
    _call_atexit_fns                          - Undefined Weak Reference
    _clock_init                               - Undefined Weak Reference
    _fp_trap_init                             - Undefined Weak Reference
    _fp_trap_shutdown                         - Undefined Weak Reference
    _get_lc_collate                           - Undefined Weak Reference
    _get_lc_ctype                             - Undefined Weak Reference
    _get_lc_monetary                          - Undefined Weak Reference
    _get_lc_numeric                           - Undefined Weak Reference
    _get_lc_time                              - Undefined Weak Reference
    _getenv_init                              - Undefined Weak Reference
    _handle_redirection                       - Undefined Weak Reference
    _init_alloc                               - Undefined Weak Reference
    _init_user_alloc                          - Undefined Weak Reference
    _initio                                   - Undefined Weak Reference
    _rand_init                                - Undefined Weak Reference
    _signal_finish                            - Undefined Weak Reference
    _signal_init                              - Undefined Weak Reference
    _terminate_alloc                          - Undefined Weak Reference
    _terminate_user_alloc                     - Undefined Weak Reference
    _terminateio                              - Undefined Weak Reference
    __Vectors_End                            0x00000200   Data           0  startup_tm4c129.o(RESET)
    __Vectors_Size                           0x00000200   Number         0  startup_tm4c129.o ABSOLUTE
    __main                                   0x00000201   Thumb Code     8  __main.o(!!!main)
    __scatterload                            0x00000209   Thumb Code     0  __scatter.o(!!!scatter)
    __scatterload_rt2                        0x00000209   Thumb Code    44  __scatter.o(!!!scatter)
    __scatterload_rt2_thumb_only             0x00000209   Thumb Code     0  __scatter.o(!!!scatter)
    __scatterload_null                       0x00000217   Thumb Code     0  __scatter.o(!!!scatter)
    __decompress                             0x0000023d   Thumb Code    58  __dczerorl.o(!!dczerorl)
    __decompress0                            0x0000023d   Thumb Code     0  __dczerorl.o(!!dczerorl)
    __scatterload_zeroinit                   0x00000279   Thumb Code    28  __scatter_zi.o(!!handler_zi)
    __rt_lib_init                            0x00000295   Thumb Code     0  libinit.o(.ARM.Collect$$libinit$$00000000)
    __rt_lib_init_fp_1                       0x00000297   Thumb Code     0  libinit2.o(.ARM.Collect$$libinit$$00000001)
    __rt_lib_init_alloca_1                   0x0000029b   Thumb Code     0  libinit2.o(.ARM.Collect$$libinit$$0000002E)
    __rt_lib_init_argv_1                     0x0000029b   Thumb Code     0  libinit2.o(.ARM.Collect$$libinit$$0000002C)
    __rt_lib_init_atexit_1                   0x0000029b   Thumb Code     0  libinit2.o(.ARM.Collect$$libinit$$0000001B)
    __rt_lib_init_clock_1                    0x0000029b   Thumb Code     0  libinit2.o(.ARM.Collect$$libinit$$00000021)
    __rt_lib_init_cpp_1                      0x0000029b   Thumb Code     0  libinit2.o(.ARM.Collect$$libinit$$00000032)
    __rt_lib_init_exceptions_1               0x0000029b   Thumb Code     0  libinit2.o(.ARM.Collect$$libinit$$00000030)
    __rt_lib_init_fp_trap_1                  0x0000029b   Thumb Code     0  libinit2.o(.ARM.Collect$$libinit$$0000001F)
    __rt_lib_init_getenv_1                   0x0000029b   Thumb Code     0  libinit2.o(.ARM.Collect$$libinit$$00000023)
    __rt_lib_init_heap_1                     0x0000029b   Thumb Code     0  libinit2.o(.ARM.Collect$$libinit$$0000000A)
    __rt_lib_init_lc_collate_1               0x0000029b   Thumb Code     0  libinit2.o(.ARM.Collect$$libinit$$00000011)
    __rt_lib_init_lc_ctype_1                 0x0000029b   Thumb Code     0  libinit2.o(.ARM.Collect$$libinit$$00000013)
    __rt_lib_init_lc_monetary_1              0x0000029b   Thumb Code     0  libinit2.o(.ARM.Collect$$libinit$$00000015)
    __rt_lib_init_lc_numeric_1               0x0000029b   Thumb Code     0  libinit2.o(.ARM.Collect$$libinit$$00000017)
    __rt_lib_init_lc_time_1                  0x0000029b   Thumb Code     0  libinit2.o(.ARM.Collect$$libinit$$00000019)
    __rt_lib_init_preinit_1                  0x0000029b   Thumb Code     0  libinit2.o(.ARM.Collect$$libinit$$00000004)
    __rt_lib_init_rand_1                     0x0000029b   Thumb Code     0  libinit2.o(.ARM.Collect$$libinit$$0000000E)
    __rt_lib_init_return                     0x0000029b   Thumb Code     0  libinit2.o(.ARM.Collect$$libinit$$00000033)
    __rt_lib_init_signal_1                   0x0000029b   Thumb Code     0  libinit2.o(.ARM.Collect$$libinit$$0000001D)
    __rt_lib_init_stdio_1                    0x0000029b   Thumb Code     0  libinit2.o(.ARM.Collect$$libinit$$00000025)
    __rt_lib_init_user_alloc_1               0x0000029b   Thumb Code     0  libinit2.o(.ARM.Collect$$libinit$$0000000C)
    __rt_lib_shutdown                        0x0000029d   Thumb Code     0  libshutdown.o(.ARM.Collect$$libshutdown$$00000000)
    __rt_lib_shutdown_cpp_1                  0x0000029f   Thumb Code     0  libshutdown2.o(.ARM.Collect$$libshutdown$$00000002)
    __rt_lib_shutdown_fp_trap_1              0x0000029f   Thumb Code     0  libshutdown2.o(.ARM.Collect$$libshutdown$$00000007)
    __rt_lib_shutdown_heap_1                 0x0000029f   Thumb Code     0  libshutdown2.o(.ARM.Collect$$libshutdown$$0000000F)
    __rt_lib_shutdown_return                 0x0000029f   Thumb Code     0  libshutdown2.o(.ARM.Collect$$libshutdown$$00000010)
    __rt_lib_shutdown_signal_1               0x0000029f   Thumb Code     0  libshutdown2.o(.ARM.Collect$$libshutdown$$0000000A)
    __rt_lib_shutdown_stdio_1                0x0000029f   Thumb Code     0  libshutdown2.o(.ARM.Collect$$libshutdown$$00000004)
    __rt_lib_shutdown_user_alloc_1           0x0000029f   Thumb Code     0  libshutdown2.o(.ARM.Collect$$libshutdown$$0000000C)
    __rt_entry                               0x000002a1   Thumb Code     0  __rtentry.o(.ARM.Collect$$rtentry$$00000000)
    __rt_entry_presh_1                       0x000002a1   Thumb Code     0  __rtentry2.o(.ARM.Collect$$rtentry$$00000002)
    __rt_entry_sh                            0x000002a1   Thumb Code     0  __rtentry4.o(.ARM.Collect$$rtentry$$00000004)
    __rt_entry_li                            0x000002a7   Thumb Code     0  __rtentry2.o(.ARM.Collect$$rtentry$$0000000A)
    __rt_entry_postsh_1                      0x000002a7   Thumb Code     0  __rtentry2.o(.ARM.Collect$$rtentry$$00000009)
    __rt_entry_main                          0x000002ab   Thumb Code     0  __rtentry2.o(.ARM.Collect$$rtentry$$0000000D)
    __rt_entry_postli_1                      0x000002ab   Thumb Code     0  __rtentry2.o(.ARM.Collect$$rtentry$$0000000C)
    __rt_exit                                0x000002b3   Thumb Code     0  rtexit.o(.ARM.Collect$$rtexit$$00000000)
    __rt_exit_ls                             0x000002b5   Thumb Code     0  rtexit2.o(.ARM.Collect$$rtexit$$00000003)
    __rt_exit_prels_1                        0x000002b5   Thumb Code     0  rtexit2.o(.ARM.Collect$$rtexit$$00000002)
    __rt_exit_exit                           0x000002b9   Thumb Code     0  rtexit2.o(.ARM.Collect$$rtexit$$00000004)
    CPUcpsid                                 0x000002c1   Thumb Code     8  cpu.o(.emb_text)
    CPUprimask                               0x000002c9   Thumb Code     6  cpu.o(.emb_text)
    CPUcpsie                                 0x000002cf   Thumb Code     8  cpu.o(.emb_text)
    CPUwfi                                   0x000002d7   Thumb Code     4  cpu.o(.emb_text)
    CPUbasepriSet                            0x000002db   Thumb Code     6  cpu.o(.emb_text)
    CPUbasepriGet                            0x000002e1   Thumb Code     6  cpu.o(.emb_text)
    Reset_Handler                            0x000002e9   Thumb Code     8  startup_tm4c129.o(.text)
    NMI_Handler                              0x000002f1   Thumb Code     2  startup_tm4c129.o(.text)
    HardFault_Handler                        0x000002f3   Thumb Code     2  startup_tm4c129.o(.text)
    MemManage_Handler                        0x000002f5   Thumb Code     2  startup_tm4c129.o(.text)
    BusFault_Handler                         0x000002f7   Thumb Code     2  startup_tm4c129.o(.text)
    UsageFault_Handler                       0x000002f9   Thumb Code     2  startup_tm4c129.o(.text)
    SVC_Handler                              0x000002fb   Thumb Code     2  startup_tm4c129.o(.text)
    DebugMon_Handler                         0x000002fd   Thumb Code     2  startup_tm4c129.o(.text)
    PendSV_Handler                           0x000002ff   Thumb Code     2  startup_tm4c129.o(.text)
    SysTick_Handler                          0x00000301   Thumb Code     2  startup_tm4c129.o(.text)
    GPIOA_Handler                            0x00000303   Thumb Code     2  startup_tm4c129.o(.text)
    GPIOB_Handler                            0x00000305   Thumb Code     2  startup_tm4c129.o(.text)
    GPIOC_Handler                            0x00000307   Thumb Code     2  startup_tm4c129.o(.text)
    GPIOD_Handler                            0x00000309   Thumb Code     2  startup_tm4c129.o(.text)
    GPIOE_Handler                            0x0000030b   Thumb Code     2  startup_tm4c129.o(.text)
    UART0_Handler                            0x0000030d   Thumb Code     2  startup_tm4c129.o(.text)
    UART1_Handler                            0x0000030f   Thumb Code     2  startup_tm4c129.o(.text)
    SSI0_Handler                             0x00000311   Thumb Code     2  startup_tm4c129.o(.text)
    I2C0_Handler                             0x00000313   Thumb Code     2  startup_tm4c129.o(.text)
    PMW0_FAULT_Handler                       0x00000315   Thumb Code     2  startup_tm4c129.o(.text)
    PWM0_0_Handler                           0x00000317   Thumb Code     2  startup_tm4c129.o(.text)
    PWM0_1_Handler                           0x00000319   Thumb Code     2  startup_tm4c129.o(.text)
    PWM0_2_Handler                           0x0000031b   Thumb Code     2  startup_tm4c129.o(.text)
    QEI0_Handler                             0x0000031d   Thumb Code     2  startup_tm4c129.o(.text)
    ADC0SS0_Handler                          0x0000031f   Thumb Code     2  startup_tm4c129.o(.text)
    ADC0SS1_Handler                          0x00000321   Thumb Code     2  startup_tm4c129.o(.text)
    ADC0SS2_Handler                          0x00000323   Thumb Code     2  startup_tm4c129.o(.text)
    ADC0SS3_Handler                          0x00000325   Thumb Code     2  startup_tm4c129.o(.text)
    WDT0_Handler                             0x00000327   Thumb Code     2  startup_tm4c129.o(.text)
    TIMER0A_Handler                          0x00000329   Thumb Code     2  startup_tm4c129.o(.text)
    TIMER0B_Handler                          0x0000032b   Thumb Code     2  startup_tm4c129.o(.text)
    TIMER1A_Handler                          0x0000032d   Thumb Code     2  startup_tm4c129.o(.text)
    TIMER1B_Handler                          0x0000032f   Thumb Code     2  startup_tm4c129.o(.text)
    TIMER2A_Handler                          0x00000331   Thumb Code     2  startup_tm4c129.o(.text)
    TIMER2B_Handler                          0x00000333   Thumb Code     2  startup_tm4c129.o(.text)
    COMP0_Handler                            0x00000335   Thumb Code     2  startup_tm4c129.o(.text)
    COMP1_Handler                            0x00000337   Thumb Code     2  startup_tm4c129.o(.text)
    COMP2_Handler                            0x00000339   Thumb Code     2  startup_tm4c129.o(.text)
    SYSCTL_Handler                           0x0000033b   Thumb Code     2  startup_tm4c129.o(.text)
    FLASH_Handler                            0x0000033d   Thumb Code     2  startup_tm4c129.o(.text)
    GPIOF_Handler                            0x0000033f   Thumb Code     2  startup_tm4c129.o(.text)
    GPIOG_Handler                            0x00000341   Thumb Code     2  startup_tm4c129.o(.text)
    GPIOH_Handler                            0x00000343   Thumb Code     2  startup_tm4c129.o(.text)
    SSI1_Handler                             0x00000347   Thumb Code     2  startup_tm4c129.o(.text)
    TIMER3A_Handler                          0x00000349   Thumb Code     2  startup_tm4c129.o(.text)
    TIMER3B_Handler                          0x0000034b   Thumb Code     2  startup_tm4c129.o(.text)
    I2C1_Handler                             0x0000034d   Thumb Code     2  startup_tm4c129.o(.text)
    ETH_Handler                              0x00000353   Thumb Code     2  startup_tm4c129.o(.text)
    HIB_Handler                              0x00000355   Thumb Code     2  startup_tm4c129.o(.text)
    USB0_Handler                             0x00000357   Thumb Code     2  startup_tm4c129.o(.text)
    PWM0_3_Handler                           0x00000359   Thumb Code     2  startup_tm4c129.o(.text)
    UDMA_Handler                             0x0000035b   Thumb Code     2  startup_tm4c129.o(.text)
    UDMAERR_Handler                          0x0000035d   Thumb Code     2  startup_tm4c129.o(.text)
    ADC1SS0_Handler                          0x0000035f   Thumb Code     2  startup_tm4c129.o(.text)
    ADC1SS1_Handler                          0x00000361   Thumb Code     2  startup_tm4c129.o(.text)
    ADC1SS2_Handler                          0x00000363   Thumb Code     2  startup_tm4c129.o(.text)
    ADC1SS3_Handler                          0x00000365   Thumb Code     2  startup_tm4c129.o(.text)
    EBI0_Handler                             0x00000367   Thumb Code     2  startup_tm4c129.o(.text)
    GPIOJ_Handler                            0x00000369   Thumb Code     2  startup_tm4c129.o(.text)
    GPIOK_Handler                            0x0000036b   Thumb Code     2  startup_tm4c129.o(.text)
    GPIOL_Handler                            0x0000036d   Thumb Code     2  startup_tm4c129.o(.text)
    SSI2_Handler                             0x0000036f   Thumb Code     2  startup_tm4c129.o(.text)
    SSI3_Handler                             0x00000371   Thumb Code     2  startup_tm4c129.o(.text)
    UART3_Handler                            0x00000373   Thumb Code     2  startup_tm4c129.o(.text)
    UART4_Handler                            0x00000375   Thumb Code     2  startup_tm4c129.o(.text)
    UART5_Handler                            0x00000377   Thumb Code     2  startup_tm4c129.o(.text)
    UART6_Handler                            0x00000379   Thumb Code     2  startup_tm4c129.o(.text)
    UART7_Handler                            0x0000037b   Thumb Code     2  startup_tm4c129.o(.text)
    I2C2_Handler                             0x0000037d   Thumb Code     2  startup_tm4c129.o(.text)
    I2C3_Handler                             0x0000037f   Thumb Code     2  startup_tm4c129.o(.text)
    TIMER4A_Handler                          0x00000381   Thumb Code     2  startup_tm4c129.o(.text)
    TIMER4B_Handler                          0x00000383   Thumb Code     2  startup_tm4c129.o(.text)
    TIMER5A_Handler                          0x00000385   Thumb Code     2  startup_tm4c129.o(.text)
    TIMER5B_Handler                          0x00000387   Thumb Code     2  startup_tm4c129.o(.text)
    WTIMER0A_Handler                         0x00000389   Thumb Code     2  startup_tm4c129.o(.text)
    WTIMER0B_Handler                         0x0000038b   Thumb Code     2  startup_tm4c129.o(.text)
    WTIMER1A_Handler                         0x0000038d   Thumb Code     2  startup_tm4c129.o(.text)
    WTIMER1B_Handler                         0x0000038f   Thumb Code     2  startup_tm4c129.o(.text)
    WTIMER2A_Handler                         0x00000391   Thumb Code     2  startup_tm4c129.o(.text)
    WTIMER2B_Handler                         0x00000393   Thumb Code     2  startup_tm4c129.o(.text)
    WTIMER3A_Handler                         0x00000395   Thumb Code     2  startup_tm4c129.o(.text)
    WTIMER3B_Handler                         0x00000397   Thumb Code     2  startup_tm4c129.o(.text)
    WTIMER4A_Handler                         0x00000399   Thumb Code     2  startup_tm4c129.o(.text)
    WTIMER4B_Handler                         0x0000039b   Thumb Code     2  startup_tm4c129.o(.text)
    WTIMER5A_Handler                         0x0000039d   Thumb Code     2  startup_tm4c129.o(.text)
    WTIMER5B_Handler                         0x0000039f   Thumb Code     2  startup_tm4c129.o(.text)
    FPU_Handler                              0x000003a1   Thumb Code     2  startup_tm4c129.o(.text)
    I2C4_Handler                             0x000003a3   Thumb Code     2  startup_tm4c129.o(.text)
    I2C5_Handler                             0x000003a5   Thumb Code     2  startup_tm4c129.o(.text)
    GPIOM_Handler                            0x000003a7   Thumb Code     2  startup_tm4c129.o(.text)
    GPION_Handler                            0x000003a9   Thumb Code     2  startup_tm4c129.o(.text)
    TAMPER_Handler                           0x000003ab   Thumb Code     2  startup_tm4c129.o(.text)
    GPIOP0_Handler                           0x000003ad   Thumb Code     2  startup_tm4c129.o(.text)
    GPIOP1_Handler                           0x000003af   Thumb Code     2  startup_tm4c129.o(.text)
    GPIOP2_Handler                           0x000003b1   Thumb Code     2  startup_tm4c129.o(.text)
    GPIOP3_Handler                           0x000003b3   Thumb Code     2  startup_tm4c129.o(.text)
    GPIOP4_Handler                           0x000003b5   Thumb Code     2  startup_tm4c129.o(.text)
    GPIOP5_Handler                           0x000003b7   Thumb Code     2  startup_tm4c129.o(.text)
    GPIOP6_Handler                           0x000003b9   Thumb Code     2  startup_tm4c129.o(.text)
    GPIOP7_Handler                           0x000003bb   Thumb Code     2  startup_tm4c129.o(.text)
    GPIOQ0_Handler                           0x000003bd   Thumb Code     2  startup_tm4c129.o(.text)
    GPIOQ1_Handler                           0x000003bf   Thumb Code     2  startup_tm4c129.o(.text)
    GPIOQ2_Handler                           0x000003c1   Thumb Code     2  startup_tm4c129.o(.text)
    GPIOQ3_Handler                           0x000003c3   Thumb Code     2  startup_tm4c129.o(.text)
    GPIOQ4_Handler                           0x000003c5   Thumb Code     2  startup_tm4c129.o(.text)
    GPIOQ5_Handler                           0x000003c7   Thumb Code     2  startup_tm4c129.o(.text)
    GPIOQ6_Handler                           0x000003c9   Thumb Code     2  startup_tm4c129.o(.text)
    GPIOQ7_Handler                           0x000003cb   Thumb Code     2  startup_tm4c129.o(.text)
    GPIOR_Handler                            0x000003cd   Thumb Code     2  startup_tm4c129.o(.text)
    GPIOS_Handler                            0x000003cf   Thumb Code     2  startup_tm4c129.o(.text)
    SHAMD5_Handler                           0x000003d1   Thumb Code     2  startup_tm4c129.o(.text)
    AES_Handler                              0x000003d3   Thumb Code     2  startup_tm4c129.o(.text)
    DES3DES_Handler                          0x000003d5   Thumb Code     2  startup_tm4c129.o(.text)
    LCDCONTROLLER_Handler                    0x000003d7   Thumb Code     2  startup_tm4c129.o(.text)
    TIMER6A_Handler                          0x000003d9   Thumb Code     2  startup_tm4c129.o(.text)
    TIMER6B_Handler                          0x000003db   Thumb Code     2  startup_tm4c129.o(.text)
    TIMER7A_Handler                          0x000003dd   Thumb Code     2  startup_tm4c129.o(.text)
    TIMER7B_Handler                          0x000003df   Thumb Code     2  startup_tm4c129.o(.text)
    I2C6_Handler                             0x000003e1   Thumb Code     2  startup_tm4c129.o(.text)
    I2C7_Handler                             0x000003e3   Thumb Code     2  startup_tm4c129.o(.text)
    HIMSCANKEYBOARD_Handler                  0x000003e5   Thumb Code     2  startup_tm4c129.o(.text)
    ONEWIRE_Handler                          0x000003e7   Thumb Code     2  startup_tm4c129.o(.text)
    HIMPS2_Handler                           0x000003e9   Thumb Code     2  startup_tm4c129.o(.text)
    HIMLEDSEQUENCER_Handler                  0x000003eb   Thumb Code     2  startup_tm4c129.o(.text)
    HIMCONSUMERIR_Handler                    0x000003ed   Thumb Code     2  startup_tm4c129.o(.text)
    I2C8_Handler                             0x000003ef   Thumb Code     2  startup_tm4c129.o(.text)
    I2C9_Handler                             0x000003f1   Thumb Code     2  startup_tm4c129.o(.text)
    GPIOT_Handler                            0x000003f3   Thumb Code     2  startup_tm4c129.o(.text)
    __user_initial_stackheap                 0x000003f5   Thumb Code     0  startup_tm4c129.o(.text)
    __use_two_region_memory                  0x00000415   Thumb Code     2  heapauxi.o(.text)
    __rt_heap_escrow$2region                 0x00000417   Thumb Code     2  heapauxi.o(.text)
    __rt_heap_expand$2region                 0x00000419   Thumb Code     2  heapauxi.o(.text)
    __user_setup_stackheap                   0x0000041b   Thumb Code    74  sys_stackheap_outer.o(.text)
    exit                                     0x00000465   Thumb Code    18  exit.o(.text)
    __user_libspace                          0x00000479   Thumb Code     8  libspace.o(.text)
    __user_perproc_libspace                  0x00000479   Thumb Code     0  libspace.o(.text)
    __user_perthread_libspace                0x00000479   Thumb Code     0  libspace.o(.text)
    _sys_exit                                0x00000481   Thumb Code     8  sys_exit.o(.text)
    __I$use$semihosting                      0x0000048d   Thumb Code     0  use_no_semi.o(.text)
    __use_no_semihosting_swi                 0x0000048d   Thumb Code     2  use_no_semi.o(.text)
    __semihosting_library_function           0x0000048f   Thumb Code     0  indicate_semi.o(.text)
    CAN0_Handler                             0x00000491   Thumb Code    80  can.o(i.CAN0_Handler)
    CAN1_Handler                             0x000004ed   Thumb Code    80  can.o(i.CAN1_Handler)
    CANBitTimingSet                          0x00000549   Thumb Code   106  can.o(i.CANBitTimingSet)
    CANEnable                                0x000005b3   Thumb Code    10  can.o(i.CANEnable)
    CANInit                                  0x000005bd   Thumb Code    66  can.o(i.CANInit)
    CANIntEnable                             0x000005ff   Thumb Code     8  can.o(i.CANIntEnable)
    CANIntRegister                           0x00000609   Thumb Code    92  can.o(i.CANIntRegister)
    CANIntStatus                             0x00000675   Thumb Code    32  can.o(i.CANIntStatus)
    CANMessageGet                            0x00000695   Thumb Code   378  can.o(i.CANMessageGet)
    CANMessageSet                            0x0000080f   Thumb Code   358  can.o(i.CANMessageSet)
    FPUEnable                                0x00000975   Thumb Code    12  fpu.o(i.FPUEnable)
    GPIODirModeSet                           0x00000985   Thumb Code    40  gpio.o(i.GPIODirModeSet)
    GPIOIntClear                             0x000009ad   Thumb Code     6  gpio.o(i.GPIOIntClear)
    GPIOIntEnable                            0x000009b3   Thumb Code    12  gpio.o(i.GPIOIntEnable)
    GPIOIntRegister                          0x000009c1   Thumb Code    70  gpio.o(i.GPIOIntRegister)
    GPIOIntStatus                            0x00000a19   Thumb Code    14  gpio.o(i.GPIOIntStatus)
    GPIOIntTypeSet                           0x00000a27   Thumb Code    80  gpio.o(i.GPIOIntTypeSet)
    GPIOPadConfigSet                         0x00000a77   Thumb Code   312  gpio.o(i.GPIOPadConfigSet)
    GPIOPinConfigure                         0x00000bb1   Thumb Code    60  gpio.o(i.GPIOPinConfigure)
    GPIOPinRead                              0x00000bf5   Thumb Code     6  gpio.o(i.GPIOPinRead)
    GPIOPinTypeGPIOInput                     0x00000bfb   Thumb Code    28  gpio.o(i.GPIOPinTypeGPIOInput)
    GPIOPinTypeGPIOOutput                    0x00000c17   Thumb Code    28  gpio.o(i.GPIOPinTypeGPIOOutput)
    GPIOPinTypeI2C                           0x00000c33   Thumb Code    28  gpio.o(i.GPIOPinTypeI2C)
    GPIOPinTypeI2CSCL                        0x00000c4f   Thumb Code    28  gpio.o(i.GPIOPinTypeI2CSCL)
    GPIOPinTypePWM                           0x00000c6b   Thumb Code    28  gpio.o(i.GPIOPinTypePWM)
    GPIOPinTypeUART                          0x00000c87   Thumb Code    28  gpio.o(i.GPIOPinTypeUART)
    GPIOPinWrite                             0x00000ca3   Thumb Code     6  gpio.o(i.GPIOPinWrite)
    I2CMasterBusy                            0x00000ca9   Thumb Code    12  i2c.o(i.I2CMasterBusy)
    I2CMasterControl                         0x00000cb5   Thumb Code     4  i2c.o(i.I2CMasterControl)
    I2CMasterDataPut                         0x00000cb9   Thumb Code     4  i2c.o(i.I2CMasterDataPut)
    I2CMasterInitExpClk                      0x00000cbd   Thumb Code    72  i2c.o(i.I2CMasterInitExpClk)
    I2CMasterSlaveAddrSet                    0x00000d11   Thumb Code     8  i2c.o(i.I2CMasterSlaveAddrSet)
    IntEnable                                0x00000d19   Thumb Code    92  interrupt.o(i.IntEnable)
    IntMasterDisable                         0x00000d7d   Thumb Code    14  interrupt.o(i.IntMasterDisable)
    IntMasterEnable                          0x00000d8b   Thumb Code    14  interrupt.o(i.IntMasterEnable)
    IntPrioritySet                           0x00000d99   Thumb Code    36  interrupt.o(i.IntPrioritySet)
    IntRegister                              0x00000dc1   Thumb Code    44  interrupt.o(i.IntRegister)
    PWMClockSet                              0x00000df5   Thumb Code    20  pwm.o(i.PWMClockSet)
    PWMGenConfigure                          0x00000e09   Thumb Code    38  pwm.o(i.PWMGenConfigure)
    PWMGenEnable                             0x00000e2f   Thumb Code    10  pwm.o(i.PWMGenEnable)
    PWMGenPeriodSet                          0x00000e39   Thumb Code    18  pwm.o(i.PWMGenPeriodSet)
    PWMOutputInvert                          0x00000e4b   Thumb Code    16  pwm.o(i.PWMOutputInvert)
    PWMOutputState                           0x00000e5b   Thumb Code    16  pwm.o(i.PWMOutputState)
    PWMPulseWidthSet                         0x00000e6b   Thumb Code    32  pwm.o(i.PWMPulseWidthSet)
    SetReceiveAll                            0x00000e8d   Thumb Code   108  can.o(i.SetReceiveAll)
    SysCtlClockFreqSet                       0x00000efd   Thumb Code   672  sysctl.o(i.SysCtlClockFreqSet)
    SysCtlClockGet                           0x000011c5   Thumb Code   304  sysctl.o(i.SysCtlClockGet)
    SysCtlPeripheralEnable                   0x00001319   Thumb Code    36  sysctl.o(i.SysCtlPeripheralEnable)
    SystemInit                               0x00001341   Thumb Code    20  system_tm4c129.o(i.SystemInit)
    TimerConfigure                           0x00001361   Thumb Code    88  timer.o(i.TimerConfigure)
    TimerControlStall                        0x000013c1   Thumb Code    22  timer.o(i.TimerControlStall)
    TimerEnable                              0x000013d7   Thumb Code    14  timer.o(i.TimerEnable)
    TimerLoadSet                             0x000013e5   Thumb Code    18  timer.o(i.TimerLoadSet)
    UART2_Handler                            0x000013f9   Thumb Code   110  main.o(i.UART2_Handler)
    UARTCharGetNonBlocking                   0x0000147d   Thumb Code    16  uart.o(i.UARTCharGetNonBlocking)
    UARTCharPutNonBlocking                   0x0000148d   Thumb Code    16  uart.o(i.UARTCharPutNonBlocking)
    UARTCharsAvail                           0x0000149d   Thumb Code    10  uart.o(i.UARTCharsAvail)
    UARTConfigSetExpClk                      0x000014a7   Thumb Code   110  uart.o(i.UARTConfigSetExpClk)
    UARTFIFOEnable                           0x00001515   Thumb Code    10  uart.o(i.UARTFIFOEnable)
    UARTFIFOLevelSet                         0x0000151f   Thumb Code     6  uart.o(i.UARTFIFOLevelSet)
    UARTIntClear                             0x00001525   Thumb Code     4  uart.o(i.UARTIntClear)
    UARTIntEnable                            0x00001529   Thumb Code     8  uart.o(i.UARTIntEnable)
    UARTIntStatus                            0x00001531   Thumb Code    10  uart.o(i.UARTIntStatus)
    WatchdogEnable                           0x0000153b   Thumb Code    10  watchdog.o(i.WatchdogEnable)
    WatchdogIntEnable                        0x00001545   Thumb Code    10  watchdog.o(i.WatchdogIntEnable)
    WatchdogIntTypeSet                       0x0000154f   Thumb Code    12  watchdog.o(i.WatchdogIntTypeSet)
    WatchdogReloadSet                        0x0000155b   Thumb Code     4  watchdog.o(i.WatchdogReloadSet)
    WatchdogResetDisable                     0x0000155f   Thumb Code    10  watchdog.o(i.WatchdogResetDisable)
    WatchdogStallEnable                      0x00001569   Thumb Code    14  watchdog.o(i.WatchdogStallEnable)
    PulseHandler()                           0x00001579   Thumb Code   220  main.o(i._Z12PulseHandlerv)
    RCpulse_Init()                           0x00001679   Thumb Code    38  main.o(i._Z12RCpulse_Initv)
    braking_Init()                           0x000016a9   Thumb Code    24  main.o(i._Z12braking_Initv)
    buttons_Init()                           0x000016cd   Thumb Code    50  main.o(i._Z12buttons_Initv)
    calculateCRC(unsigned char*, unsigned)   0x00001709   Thumb Code    50  main.o(i._Z12calculateCRCPhj)
    packet_parse()                           0x0000173d   Thumb Code    32  main.o(i._Z12packet_parsev)
    steering_Init()                          0x0000176d   Thumb Code    24  main.o(i._Z13steering_Initv)
    watchdogSetup()                          0x00001791   Thumb Code    54  main.o(i._Z13watchdogSetupv)
    modeSelectSetup()                        0x000017cd   Thumb Code    80  main.o(i._Z15modeSelectSetupv)
    peripheral_Init()                        0x00001825   Thumb Code   114  main.o(i._Z15peripheral_Initv)
    pulseTimer_Init()                        0x000018ad   Thumb Code    42  main.o(i._Z15pulseTimer_Initv)
    modeSelectHandler()                      0x000018dd   Thumb Code    44  main.o(i._Z17modeSelectHandlerv)
    UARTSend(const unsigned char*, unsigned) 0x0000190d   Thumb Code    28  main.o(i._Z8UARTSendPKhj)
    int_Init()                               0x0000192d   Thumb Code    36  main.o(i._Z8int_Initv)
    led_Init()                               0x00001951   Thumb Code    38  main.o(i._Z8led_Initv)
    uart_Init()                              0x00001985   Thumb Code    76  main.o(i._Z9uart_Initv)
    accelerator::SetVoltage(float)           0x000019d9   Thumb Code   136  main.o(i._ZN11accelerator10SetVoltageEf)
    accelerator::SetNormalized(float)        0x00001a6d   Thumb Code    78  main.o(i._ZN11accelerator13SetNormalizedEf)
    accelerator::Init()                      0x00001ac9   Thumb Code    56  main.o(i._ZN11accelerator4InitEv)
    brakes::SetNormalized(float)             0x00001b15   Thumb Code    74  main.o(i._ZN6brakes13SetNormalizedEf)
    brakes::Init()                           0x00001b75   Thumb Code    72  main.o(i._ZN6brakes4InitEv)
    brakes::SetPWM(float, float)             0x00001bc9   Thumb Code   184  main.o(i._ZN6brakes6SetPWMEff)
    steering::SetNormalized(float)           0x00001c9d   Thumb Code    74  main.o(i._ZN8steering13SetNormalizedEf)
    steering::Init()                         0x00001cf1   Thumb Code    60  main.o(i._ZN8steering4InitEv)
    steering::SetPWM(float)                  0x00001d31   Thumb Code    86  main.o(i._ZN8steering6SetPWMEf)
    __cxa_guard_acquire                      0x00001d91   Thumb Code    16  cxa_guard_acquire.o(i.__cxa_guard_acquire)
    button_int                               0x00001da1   Thumb Code    70  main.o(i.button_int)
    can_Init                                 0x00001ded   Thumb Code   188  can.o(i.can_Init)
    main                                     0x00001ecd   Thumb Code   158  main.o(i.main)
    _fp_init                                 0x00001fa1   Thumb Code    10  fpinit.o(x$fpl$fpinit)
    __fplib_config_fpu_vfp                   0x00001fa9   Thumb Code     0  fpinit.o(x$fpl$fpinit)
    __fplib_config_pureend_doubles           0x00001fa9   Thumb Code     0  fpinit.o(x$fpl$fpinit)
    Region$$Table$$Base                      0x0000248c   Number         0  anon$$obj.o(Region$$Table)
    Region$$Table$$Limit                     0x000024ac   Number         0  anon$$obj.o(Region$$Table)
    throttleAdd                              0x20000000   Data           4  can.o(.data)
    throttleVal                              0x20000004   Data           4  can.o(.data)
    g_ui32SysClock                           0x20000020   Data           4  main.o(.data)
    accel_pulse_width                        0x20000024   Data           4  main.o(.data)
    steer_pulse_width                        0x20000028   Data           4  main.o(.data)
    serial_app                               0x2000002c   Data           4  main.o(.data)
    serial_steer                             0x20000030   Data           4  main.o(.data)
    serial_brake                             0x20000034   Data           4  main.o(.data)
    buffer_iter                              0x20000038   Data           4  main.o(.data)
    buffer_ready                             0x2000003c   Data           1  main.o(.data)
    receiving_packet                         0x2000003d   Data           1  main.o(.data)
    brakes::brake_value1                     0x20000040   Data           4  main.o(.data)
    brakes::brake_value2                     0x20000044   Data           4  main.o(.data)
    SystemCoreClock                          0x20000058   Data           4  system_tm4c129.o(.data)
    input_buffer                             0x2000066c   Data          16  main.o(.bss)
    __libspace_start                         0x2000067c   Data          96  libspace.o(.bss)
    __temporary_stack_top$libspace           0x200006dc   Data           0  libspace.o(.bss)



==============================================================================

Memory Map of the image

  Image Entry point : 0x000002e9

  Load Region LR_1 (Base: 0x00000000, Size: 0x00002b18, Max: 0xffffffff, ABSOLUTE, COMPRESSED[0x000024cc])

    Execution Region ER_RO (Base: 0x00000000, Size: 0x000024ac, Max: 0xffffffff, ABSOLUTE)

    Base Addr    Size         Type   Attr      Idx    E Section Name        Object

    0x00000000   0x00000200   Data   RO          628    RESET               startup_tm4c129.o
    0x00000200   0x00000008   Code   RO         2876  * !!!main             c_w.l(__main.o)
    0x00000208   0x00000034   Code   RO         3041    !!!scatter          c_w.l(__scatter.o)
    0x0000023c   0x0000003a   Code   RO         3039    !!dczerorl          c_w.l(__dczerorl.o)
    0x00000276   0x00000002   PAD
    0x00000278   0x0000001c   Code   RO         3043    !!handler_zi        c_w.l(__scatter_zi.o)
    0x00000294   0x00000002   Code   RO         2909    .ARM.Collect$$libinit$$00000000  c_w.l(libinit.o)
    0x00000296   0x00000004   Code   RO         2915    .ARM.Collect$$libinit$$00000001  c_w.l(libinit2.o)
    0x0000029a   0x00000000   Code   RO         2918    .ARM.Collect$$libinit$$00000004  c_w.l(libinit2.o)
    0x0000029a   0x00000000   Code   RO         2921    .ARM.Collect$$libinit$$0000000A  c_w.l(libinit2.o)
    0x0000029a   0x00000000   Code   RO         2923    .ARM.Collect$$libinit$$0000000C  c_w.l(libinit2.o)
    0x0000029a   0x00000000   Code   RO         2925    .ARM.Collect$$libinit$$0000000E  c_w.l(libinit2.o)
    0x0000029a   0x00000000   Code   RO         2928    .ARM.Collect$$libinit$$00000011  c_w.l(libinit2.o)
    0x0000029a   0x00000000   Code   RO         2930    .ARM.Collect$$libinit$$00000013  c_w.l(libinit2.o)
    0x0000029a   0x00000000   Code   RO         2932    .ARM.Collect$$libinit$$00000015  c_w.l(libinit2.o)
    0x0000029a   0x00000000   Code   RO         2934    .ARM.Collect$$libinit$$00000017  c_w.l(libinit2.o)
    0x0000029a   0x00000000   Code   RO         2936    .ARM.Collect$$libinit$$00000019  c_w.l(libinit2.o)
    0x0000029a   0x00000000   Code   RO         2938    .ARM.Collect$$libinit$$0000001B  c_w.l(libinit2.o)
    0x0000029a   0x00000000   Code   RO         2940    .ARM.Collect$$libinit$$0000001D  c_w.l(libinit2.o)
    0x0000029a   0x00000000   Code   RO         2942    .ARM.Collect$$libinit$$0000001F  c_w.l(libinit2.o)
    0x0000029a   0x00000000   Code   RO         2944    .ARM.Collect$$libinit$$00000021  c_w.l(libinit2.o)
    0x0000029a   0x00000000   Code   RO         2946    .ARM.Collect$$libinit$$00000023  c_w.l(libinit2.o)
    0x0000029a   0x00000000   Code   RO         2948    .ARM.Collect$$libinit$$00000025  c_w.l(libinit2.o)
    0x0000029a   0x00000000   Code   RO         2952    .ARM.Collect$$libinit$$0000002C  c_w.l(libinit2.o)
    0x0000029a   0x00000000   Code   RO         2954    .ARM.Collect$$libinit$$0000002E  c_w.l(libinit2.o)
    0x0000029a   0x00000000   Code   RO         2956    .ARM.Collect$$libinit$$00000030  c_w.l(libinit2.o)
    0x0000029a   0x00000000   Code   RO         2958    .ARM.Collect$$libinit$$00000032  c_w.l(libinit2.o)
    0x0000029a   0x00000002   Code   RO         2959    .ARM.Collect$$libinit$$00000033  c_w.l(libinit2.o)
    0x0000029c   0x00000002   Code   RO         2979    .ARM.Collect$$libshutdown$$00000000  c_w.l(libshutdown.o)
    0x0000029e   0x00000000   Code   RO         2992    .ARM.Collect$$libshutdown$$00000002  c_w.l(libshutdown2.o)
    0x0000029e   0x00000000   Code   RO         2994    .ARM.Collect$$libshutdown$$00000004  c_w.l(libshutdown2.o)
    0x0000029e   0x00000000   Code   RO         2997    .ARM.Collect$$libshutdown$$00000007  c_w.l(libshutdown2.o)
    0x0000029e   0x00000000   Code   RO         3000    .ARM.Collect$$libshutdown$$0000000A  c_w.l(libshutdown2.o)
    0x0000029e   0x00000000   Code   RO         3002    .ARM.Collect$$libshutdown$$0000000C  c_w.l(libshutdown2.o)
    0x0000029e   0x00000000   Code   RO         3005    .ARM.Collect$$libshutdown$$0000000F  c_w.l(libshutdown2.o)
    0x0000029e   0x00000002   Code   RO         3006    .ARM.Collect$$libshutdown$$00000010  c_w.l(libshutdown2.o)
    0x000002a0   0x00000000   Code   RO         2884    .ARM.Collect$$rtentry$$00000000  c_w.l(__rtentry.o)
    0x000002a0   0x00000000   Code   RO         2886    .ARM.Collect$$rtentry$$00000002  c_w.l(__rtentry2.o)
    0x000002a0   0x00000006   Code   RO         2898    .ARM.Collect$$rtentry$$00000004  c_w.l(__rtentry4.o)
    0x000002a6   0x00000000   Code   RO         2888    .ARM.Collect$$rtentry$$00000009  c_w.l(__rtentry2.o)
    0x000002a6   0x00000004   Code   RO         2889    .ARM.Collect$$rtentry$$0000000A  c_w.l(__rtentry2.o)
    0x000002aa   0x00000000   Code   RO         2891    .ARM.Collect$$rtentry$$0000000C  c_w.l(__rtentry2.o)
    0x000002aa   0x00000008   Code   RO         2892    .ARM.Collect$$rtentry$$0000000D  c_w.l(__rtentry2.o)
    0x000002b2   0x00000002   Code   RO         2913    .ARM.Collect$$rtexit$$00000000  c_w.l(rtexit.o)
    0x000002b4   0x00000000   Code   RO         2961    .ARM.Collect$$rtexit$$00000002  c_w.l(rtexit2.o)
    0x000002b4   0x00000004   Code   RO         2962    .ARM.Collect$$rtexit$$00000003  c_w.l(rtexit2.o)
    0x000002b8   0x00000006   Code   RO         2963    .ARM.Collect$$rtexit$$00000004  c_w.l(rtexit2.o)
    0x000002be   0x00000002   PAD
    0x000002c0   0x00000026   Code   RO         2862    .emb_text           driverlib.lib(cpu.o)
    0x000002e6   0x00000002   PAD
    0x000002e8   0x0000012c   Code   RO          629  * .text               startup_tm4c129.o
    0x00000414   0x00000006   Code   RO         2874    .text               c_w.l(heapauxi.o)
    0x0000041a   0x0000004a   Code   RO         2900    .text               c_w.l(sys_stackheap_outer.o)
    0x00000464   0x00000012   Code   RO         2902    .text               c_w.l(exit.o)
    0x00000476   0x00000002   PAD
    0x00000478   0x00000008   Code   RO         2910    .text               c_w.l(libspace.o)
    0x00000480   0x0000000c   Code   RO         2971    .text               c_w.l(sys_exit.o)
    0x0000048c   0x00000002   Code   RO         2982    .text               c_w.l(use_no_semi.o)
    0x0000048e   0x00000000   Code   RO         2984    .text               c_w.l(indicate_semi.o)
    0x0000048e   0x00000002   PAD
    0x00000490   0x0000005c   Code   RO            4    i.CAN0_Handler      can.o
    0x000004ec   0x0000005c   Code   RO            5    i.CAN1_Handler      can.o
    0x00000548   0x0000006a   Code   RO          674    i.CANBitTimingSet   driverlib.lib(can.o)
    0x000005b2   0x0000000a   Code   RO          676    i.CANEnable         driverlib.lib(can.o)
    0x000005bc   0x00000042   Code   RO          678    i.CANInit           driverlib.lib(can.o)
    0x000005fe   0x00000008   Code   RO          681    i.CANIntEnable      driverlib.lib(can.o)
    0x00000606   0x00000002   PAD
    0x00000608   0x0000006c   Code   RO          682    i.CANIntRegister    driverlib.lib(can.o)
    0x00000674   0x00000020   Code   RO          683    i.CANIntStatus      driverlib.lib(can.o)
    0x00000694   0x0000017a   Code   RO          686    i.CANMessageGet     driverlib.lib(can.o)
    0x0000080e   0x00000166   Code   RO          687    i.CANMessageSet     driverlib.lib(can.o)
    0x00000974   0x00000010   Code   RO          828    i.FPUEnable         driverlib.lib(fpu.o)
    0x00000984   0x00000028   Code   RO          895    i.GPIODirModeSet    driverlib.lib(gpio.o)
    0x000009ac   0x00000006   Code   RO          896    i.GPIOIntClear      driverlib.lib(gpio.o)
    0x000009b2   0x0000000c   Code   RO          898    i.GPIOIntEnable     driverlib.lib(gpio.o)
    0x000009be   0x00000002   PAD
    0x000009c0   0x00000058   Code   RO          899    i.GPIOIntRegister   driverlib.lib(gpio.o)
    0x00000a18   0x0000000e   Code   RO          900    i.GPIOIntStatus     driverlib.lib(gpio.o)
    0x00000a26   0x00000050   Code   RO          902    i.GPIOIntTypeSet    driverlib.lib(gpio.o)
    0x00000a76   0x00000138   Code   RO          905    i.GPIOPadConfigSet  driverlib.lib(gpio.o)
    0x00000bae   0x00000002   PAD
    0x00000bb0   0x00000044   Code   RO          906    i.GPIOPinConfigure  driverlib.lib(gpio.o)
    0x00000bf4   0x00000006   Code   RO          907    i.GPIOPinRead       driverlib.lib(gpio.o)
    0x00000bfa   0x0000001c   Code   RO          916    i.GPIOPinTypeGPIOInput  driverlib.lib(gpio.o)
    0x00000c16   0x0000001c   Code   RO          917    i.GPIOPinTypeGPIOOutput  driverlib.lib(gpio.o)
    0x00000c32   0x0000001c   Code   RO          920    i.GPIOPinTypeI2C    driverlib.lib(gpio.o)
    0x00000c4e   0x0000001c   Code   RO          921    i.GPIOPinTypeI2CSCL  driverlib.lib(gpio.o)
    0x00000c6a   0x0000001c   Code   RO          924    i.GPIOPinTypePWM    driverlib.lib(gpio.o)
    0x00000c86   0x0000001c   Code   RO          929    i.GPIOPinTypeUART   driverlib.lib(gpio.o)
    0x00000ca2   0x00000006   Code   RO          935    i.GPIOPinWrite      driverlib.lib(gpio.o)
    0x00000ca8   0x0000000c   Code   RO         1191    i.I2CMasterBusy     driverlib.lib(i2c.o)
    0x00000cb4   0x00000004   Code   RO         1192    i.I2CMasterControl  driverlib.lib(i2c.o)
    0x00000cb8   0x00000004   Code   RO         1194    i.I2CMasterDataPut  driverlib.lib(i2c.o)
    0x00000cbc   0x00000054   Code   RO         1199    i.I2CMasterInitExpClk  driverlib.lib(i2c.o)
    0x00000d10   0x00000008   Code   RO         1209    i.I2CMasterSlaveAddrSet  driverlib.lib(i2c.o)
    0x00000d18   0x00000064   Code   RO         1518    i.IntEnable         driverlib.lib(interrupt.o)
    0x00000d7c   0x0000000e   Code   RO         1520    i.IntMasterDisable  driverlib.lib(interrupt.o)
    0x00000d8a   0x0000000e   Code   RO         1521    i.IntMasterEnable   driverlib.lib(interrupt.o)
    0x00000d98   0x00000028   Code   RO         1529    i.IntPrioritySet    driverlib.lib(interrupt.o)
    0x00000dc0   0x00000034   Code   RO         1530    i.IntRegister       driverlib.lib(interrupt.o)
    0x00000df4   0x00000014   Code   RO         1631    i.PWMClockSet       driverlib.lib(pwm.o)
    0x00000e08   0x00000026   Code   RO         1638    i.PWMGenConfigure   driverlib.lib(pwm.o)
    0x00000e2e   0x0000000a   Code   RO         1640    i.PWMGenEnable      driverlib.lib(pwm.o)
    0x00000e38   0x00000012   Code   RO         1653    i.PWMGenPeriodSet   driverlib.lib(pwm.o)
    0x00000e4a   0x00000010   Code   RO         1659    i.PWMOutputInvert   driverlib.lib(pwm.o)
    0x00000e5a   0x00000010   Code   RO         1660    i.PWMOutputState    driverlib.lib(pwm.o)
    0x00000e6a   0x00000020   Code   RO         1663    i.PWMPulseWidthSet  driverlib.lib(pwm.o)
    0x00000e8a   0x00000002   PAD
    0x00000e8c   0x00000070   Code   RO            6    i.SetReceiveAll     can.o
    0x00000efc   0x000002c8   Code   RO         1865    i.SysCtlClockFreqSet  driverlib.lib(sysctl.o)
    0x000011c4   0x00000154   Code   RO         1866    i.SysCtlClockGet    driverlib.lib(sysctl.o)
    0x00001318   0x00000028   Code   RO         1897    i.SysCtlPeripheralEnable  driverlib.lib(sysctl.o)
    0x00001340   0x00000020   Code   RO          637    i.SystemInit        system_tm4c129.o
    0x00001360   0x00000060   Code   RO         2209    i.TimerConfigure    driverlib.lib(timer.o)
    0x000013c0   0x00000016   Code   RO         2212    i.TimerControlStall  driverlib.lib(timer.o)
    0x000013d6   0x0000000e   Code   RO         2218    i.TimerEnable       driverlib.lib(timer.o)
    0x000013e4   0x00000012   Code   RO         2227    i.TimerLoadSet      driverlib.lib(timer.o)
    0x000013f6   0x00000002   PAD
    0x000013f8   0x00000084   Code   RO          124    i.UART2_Handler     main.o
    0x0000147c   0x00000010   Code   RO         2454    i.UARTCharGetNonBlocking  driverlib.lib(uart.o)
    0x0000148c   0x00000010   Code   RO         2456    i.UARTCharPutNonBlocking  driverlib.lib(uart.o)
    0x0000149c   0x0000000a   Code   RO         2457    i.UARTCharsAvail    driverlib.lib(uart.o)
    0x000014a6   0x0000006e   Code   RO         2461    i.UARTConfigSetExpClk  driverlib.lib(uart.o)
    0x00001514   0x0000000a   Code   RO         2469    i.UARTFIFOEnable    driverlib.lib(uart.o)
    0x0000151e   0x00000006   Code   RO         2471    i.UARTFIFOLevelSet  driverlib.lib(uart.o)
    0x00001524   0x00000004   Code   RO         2474    i.UARTIntClear      driverlib.lib(uart.o)
    0x00001528   0x00000008   Code   RO         2476    i.UARTIntEnable     driverlib.lib(uart.o)
    0x00001530   0x0000000a   Code   RO         2478    i.UARTIntStatus     driverlib.lib(uart.o)
    0x0000153a   0x0000000a   Code   RO         2742    i.WatchdogEnable    driverlib.lib(watchdog.o)
    0x00001544   0x0000000a   Code   RO         2744    i.WatchdogIntEnable  driverlib.lib(watchdog.o)
    0x0000154e   0x0000000c   Code   RO         2747    i.WatchdogIntTypeSet  driverlib.lib(watchdog.o)
    0x0000155a   0x00000004   Code   RO         2752    i.WatchdogReloadSet  driverlib.lib(watchdog.o)
    0x0000155e   0x0000000a   Code   RO         2753    i.WatchdogResetDisable  driverlib.lib(watchdog.o)
    0x00001568   0x0000000e   Code   RO         2757    i.WatchdogStallEnable  driverlib.lib(watchdog.o)
    0x00001576   0x00000002   PAD
    0x00001578   0x00000100   Code   RO          126    i._Z12PulseHandlerv  main.o
    0x00001678   0x00000030   Code   RO          127    i._Z12RCpulse_Initv  main.o
    0x000016a8   0x00000024   Code   RO          128    i._Z12braking_Initv  main.o
    0x000016cc   0x0000003c   Code   RO          129    i._Z12buttons_Initv  main.o
    0x00001708   0x00000032   Code   RO          130    i._Z12calculateCRCPhj  main.o
    0x0000173a   0x00000002   PAD
    0x0000173c   0x00000030   Code   RO          131    i._Z12packet_parsev  main.o
    0x0000176c   0x00000024   Code   RO          132    i._Z13steering_Initv  main.o
    0x00001790   0x0000003c   Code   RO          133    i._Z13watchdogSetupv  main.o
    0x000017cc   0x00000058   Code   RO          135    i._Z15modeSelectSetupv  main.o
    0x00001824   0x00000088   Code   RO          136    i._Z15peripheral_Initv  main.o
    0x000018ac   0x00000030   Code   RO          137    i._Z15pulseTimer_Initv  main.o
    0x000018dc   0x00000030   Code   RO          140    i._Z17modeSelectHandlerv  main.o
    0x0000190c   0x00000020   Code   RO          142    i._Z8UARTSendPKhj   main.o
    0x0000192c   0x00000024   Code   RO          143    i._Z8int_Initv      main.o
    0x00001950   0x00000034   Code   RO          144    i._Z8led_Initv      main.o
    0x00001984   0x00000054   Code   RO          145    i._Z9uart_Initv     main.o
    0x000019d8   0x00000094   Code   RO          146    i._ZN11accelerator10SetVoltageEf  main.o
    0x00001a6c   0x0000005c   Code   RO          147    i._ZN11accelerator13SetNormalizedEf  main.o
    0x00001ac8   0x0000004c   Code   RO          148    i._ZN11accelerator4InitEv  main.o
    0x00001b14   0x00000060   Code   RO          149    i._ZN6brakes13SetNormalizedEf  main.o
    0x00001b74   0x00000054   Code   RO          150    i._ZN6brakes4InitEv  main.o
    0x00001bc8   0x000000d4   Code   RO          151    i._ZN6brakes6SetPWMEff  main.o
    0x00001c9c   0x00000054   Code   RO          152    i._ZN8steering13SetNormalizedEf  main.o
    0x00001cf0   0x00000040   Code   RO          153    i._ZN8steering4InitEv  main.o
    0x00001d30   0x00000060   Code   RO          154    i._ZN8steering6SetPWMEf  main.o
    0x00001d90   0x00000010   Code   RO         2878    i.__cxa_guard_acquire  cpprt_w.l(cxa_guard_acquire.o)
    0x00001da0   0x0000004c   Code   RO          155    i.button_int        main.o
    0x00001dec   0x000000e0   Code   RO            7    i.can_Init          can.o
    0x00001ecc   0x000000d4   Code   RO          157    i.main              main.o
    0x00001fa0   0x0000000a   Code   RO         2969    x$fpl$fpinit        fz_wm.l(fpinit.o)
    0x00001faa   0x00000002   PAD
    0x00001fac   0x00000210   Data   RO          936    .constdata          driverlib.lib(gpio.o)
    0x000021bc   0x0000010c   Data   RO         1534    .constdata          driverlib.lib(interrupt.o)
    0x000022c8   0x000001c4   Data   RO         1918    .constdata          driverlib.lib(sysctl.o)
    0x0000248c   0x00000020   Data   RO         3037    Region$$Table       anon$$obj.o


    Execution Region ER_RW (Base: 0x20000000, Size: 0x0000066c, Max: 0xffffffff, ABSOLUTE, COMPRESSED[0x00000020])

    Base Addr    Size         Type   Attr      Idx    E Section Name        Object

    0x20000000   0x00000020   Data   RW            9    .data               can.o
    0x20000020   0x00000038   Data   RW          193    .data               main.o
    0x20000058   0x00000004   Data   RW          638    .data               system_tm4c129.o
    0x2000005c   0x000003a4   PAD
    0x20000400   0x0000026c   Data   RW         1535    vtable              driverlib.lib(interrupt.o)


    Execution Region ER_ZI (Base: 0x2000066c, Size: 0x00000274, Max: 0xffffffff, ABSOLUTE)

    Base Addr    Size         Type   Attr      Idx    E Section Name        Object

    0x2000066c   0x00000010   Zero   RW          192    .bss                main.o
    0x2000067c   0x00000060   Zero   RW         2911    .bss                c_w.l(libspace.o)
    0x200006dc   0x00000004   PAD
    0x200006e0   0x00000000   Zero   RW          627    HEAP                startup_tm4c129.o
    0x200006e0   0x00000200   Zero   RW          626    STACK               startup_tm4c129.o


==============================================================================

Image component sizes


      Code (inc. data)   RO Data    RW Data    ZI Data      Debug   Object Name

       520         64          0         32          0       9959   can.o
      2490        382          0         56         16      22370   main.o
       300         22        512          0        512       6056   startup_tm4c129.o
        32         12          0          4          0        819   system_tm4c129.o

    ----------------------------------------------------------------------
      3344        480        544       1024        528      39204   Object Totals
         0          0         32          0          0          0   (incl. Generated)
         2          0          0        932          0          0   (incl. Padding)

    ----------------------------------------------------------------------

      Code (inc. data)   RO Data    RW Data    ZI Data      Debug   Library Member Name

        58          0          0          0          0          0   __dczerorl.o
         8          0          0          0          0         68   __main.o
         0          0          0          0          0          0   __rtentry.o
        12          0          0          0          0          0   __rtentry2.o
         6          0          0          0          0          0   __rtentry4.o
        52          8          0          0          0          0   __scatter.o
        28          0          0          0          0          0   __scatter_zi.o
        18          0          0          0          0         80   exit.o
         6          0          0          0          0        152   heapauxi.o
         0          0          0          0          0          0   indicate_semi.o
         2          0          0          0          0          0   libinit.o
         6          0          0          0          0          0   libinit2.o
         2          0          0          0          0          0   libshutdown.o
         2          0          0          0          0          0   libshutdown2.o
         8          4          0          0         96         68   libspace.o
         2          0          0          0          0          0   rtexit.o
        10          0          0          0          0          0   rtexit2.o
        12          4          0          0          0         68   sys_exit.o
        74          0          0          0          0         80   sys_stackheap_outer.o
         2          0          0          0          0         68   use_no_semi.o
        16          0          0          0          0         68   cxa_guard_acquire.o
      1066         22          0          0          0      11875   can.o
        38          0          0          0          0        572   cpu.o
        16          4          0          0          0        440   fpu.o
       800         26        528          0          0      10025   gpio.o
       112         12          0          0          0       3481   i2c.o
       220         20        268        620          0       3716   interrupt.o
       150          0          0          0          0       3651   pwm.o
      1092         80        452          0          0       4843   sysctl.o
       150          8          0          0          0       2134   timer.o
       190          0          0          0          0       5621   uart.o
        60          0          0          0          0       2943   watchdog.o
        10          0          0          0          0        116   fpinit.o

    ----------------------------------------------------------------------
      4252        188       1248        620        100      50069   Library Totals
        24          0          0          0          4          0   (incl. Padding)

    ----------------------------------------------------------------------

      Code (inc. data)   RO Data    RW Data    ZI Data      Debug   Library Name

       308         16          0          0         96        584   c_w.l
        16          0          0          0          0         68   cpprt_w.l
      3894        172       1248        620          0      49301   driverlib.lib
        10          0          0          0          0        116   fz_wm.l

    ----------------------------------------------------------------------
      4252        188       1248        620        100      50069   Library Totals

    ----------------------------------------------------------------------

==============================================================================


      Code (inc. data)   RO Data    RW Data    ZI Data      Debug   

      7596        668       1792       1644        628      79965   Grand Totals
      7596        668       1792         32        628      79965   ELF Image Totals (compressed)
      7596        668       1792         32          0          0   ROM Totals

==============================================================================

    Total RO  Size (Code + RO Data)                 9388 (   9.17kB)
    Total RW  Size (RW Data + ZI Data)              2272 (   2.22kB)
    Total ROM Size (Code + RO Data + RW Data)       9420 (   9.20kB)

==============================================================================

